Archive member included to satisfy reference by file (symbol)

c:/st/stm32cubeide_1.12.1/stm32cubeide/plugins/com.st.stm32cube.ide.mcu.externaltools.gnu-tools-for-stm32.10.3-2021.10.win32_1.0.200.202301161003/tools/bin/../lib/gcc/arm-none-eabi/10.3.1/../../../../arm-none-eabi/lib/thumb/v7e-m+fp/hard\libc_nano.a(lib_a-atoi.o)
                              ./Core/Src/parse_NMEA.o (atoi)
c:/st/stm32cubeide_1.12.1/stm32cubeide/plugins/com.st.stm32cube.ide.mcu.externaltools.gnu-tools-for-stm32.10.3-2021.10.win32_1.0.200.202301161003/tools/bin/../lib/gcc/arm-none-eabi/10.3.1/../../../../arm-none-eabi/lib/thumb/v7e-m+fp/hard\libc_nano.a(lib_a-errno.o)
                              ./Core/Src/syscalls.o (__errno)
c:/st/stm32cubeide_1.12.1/stm32cubeide/plugins/com.st.stm32cube.ide.mcu.externaltools.gnu-tools-for-stm32.10.3-2021.10.win32_1.0.200.202301161003/tools/bin/../lib/gcc/arm-none-eabi/10.3.1/../../../../arm-none-eabi/lib/thumb/v7e-m+fp/hard\libc_nano.a(lib_a-exit.o)
                              c:/st/stm32cubeide_1.12.1/stm32cubeide/plugins/com.st.stm32cube.ide.mcu.externaltools.gnu-tools-for-stm32.10.3-2021.10.win32_1.0.200.202301161003/tools/bin/../lib/gcc/arm-none-eabi/10.3.1/../../../../arm-none-eabi/lib/thumb/v7e-m+fp/hard/crt0.o (exit)
c:/st/stm32cubeide_1.12.1/stm32cubeide/plugins/com.st.stm32cube.ide.mcu.externaltools.gnu-tools-for-stm32.10.3-2021.10.win32_1.0.200.202301161003/tools/bin/../lib/gcc/arm-none-eabi/10.3.1/../../../../arm-none-eabi/lib/thumb/v7e-m+fp/hard\libc_nano.a(lib_a-impure.o)
                              c:/st/stm32cubeide_1.12.1/stm32cubeide/plugins/com.st.stm32cube.ide.mcu.externaltools.gnu-tools-for-stm32.10.3-2021.10.win32_1.0.200.202301161003/tools/bin/../lib/gcc/arm-none-eabi/10.3.1/../../../../arm-none-eabi/lib/thumb/v7e-m+fp/hard\libc_nano.a(lib_a-exit.o) (_global_impure_ptr)
c:/st/stm32cubeide_1.12.1/stm32cubeide/plugins/com.st.stm32cube.ide.mcu.externaltools.gnu-tools-for-stm32.10.3-2021.10.win32_1.0.200.202301161003/tools/bin/../lib/gcc/arm-none-eabi/10.3.1/../../../../arm-none-eabi/lib/thumb/v7e-m+fp/hard\libc_nano.a(lib_a-init.o)
                              c:/st/stm32cubeide_1.12.1/stm32cubeide/plugins/com.st.stm32cube.ide.mcu.externaltools.gnu-tools-for-stm32.10.3-2021.10.win32_1.0.200.202301161003/tools/bin/../lib/gcc/arm-none-eabi/10.3.1/../../../../arm-none-eabi/lib/thumb/v7e-m+fp/hard/crt0.o (__libc_init_array)
c:/st/stm32cubeide_1.12.1/stm32cubeide/plugins/com.st.stm32cube.ide.mcu.externaltools.gnu-tools-for-stm32.10.3-2021.10.win32_1.0.200.202301161003/tools/bin/../lib/gcc/arm-none-eabi/10.3.1/../../../../arm-none-eabi/lib/thumb/v7e-m+fp/hard\libc_nano.a(lib_a-memset.o)
                              c:/st/stm32cubeide_1.12.1/stm32cubeide/plugins/com.st.stm32cube.ide.mcu.externaltools.gnu-tools-for-stm32.10.3-2021.10.win32_1.0.200.202301161003/tools/bin/../lib/gcc/arm-none-eabi/10.3.1/../../../../arm-none-eabi/lib/thumb/v7e-m+fp/hard/crt0.o (memset)
c:/st/stm32cubeide_1.12.1/stm32cubeide/plugins/com.st.stm32cube.ide.mcu.externaltools.gnu-tools-for-stm32.10.3-2021.10.win32_1.0.200.202301161003/tools/bin/../lib/gcc/arm-none-eabi/10.3.1/../../../../arm-none-eabi/lib/thumb/v7e-m+fp/hard\libc_nano.a(lib_a-strlen.o)
                              ./Core/Src/parse_NMEA.o (strlen)
c:/st/stm32cubeide_1.12.1/stm32cubeide/plugins/com.st.stm32cube.ide.mcu.externaltools.gnu-tools-for-stm32.10.3-2021.10.win32_1.0.200.202301161003/tools/bin/../lib/gcc/arm-none-eabi/10.3.1/../../../../arm-none-eabi/lib/thumb/v7e-m+fp/hard\libc_nano.a(lib_a-strtol.o)
                              c:/st/stm32cubeide_1.12.1/stm32cubeide/plugins/com.st.stm32cube.ide.mcu.externaltools.gnu-tools-for-stm32.10.3-2021.10.win32_1.0.200.202301161003/tools/bin/../lib/gcc/arm-none-eabi/10.3.1/../../../../arm-none-eabi/lib/thumb/v7e-m+fp/hard\libc_nano.a(lib_a-atoi.o) (_strtol_r)
c:/st/stm32cubeide_1.12.1/stm32cubeide/plugins/com.st.stm32cube.ide.mcu.externaltools.gnu-tools-for-stm32.10.3-2021.10.win32_1.0.200.202301161003/tools/bin/../lib/gcc/arm-none-eabi/10.3.1/../../../../arm-none-eabi/lib/thumb/v7e-m+fp/hard\libc_nano.a(lib_a-ctype_.o)
                              c:/st/stm32cubeide_1.12.1/stm32cubeide/plugins/com.st.stm32cube.ide.mcu.externaltools.gnu-tools-for-stm32.10.3-2021.10.win32_1.0.200.202301161003/tools/bin/../lib/gcc/arm-none-eabi/10.3.1/../../../../arm-none-eabi/lib/thumb/v7e-m+fp/hard\libc_nano.a(lib_a-strtol.o) (_ctype_)
c:/st/stm32cubeide_1.12.1/stm32cubeide/plugins/com.st.stm32cube.ide.mcu.externaltools.gnu-tools-for-stm32.10.3-2021.10.win32_1.0.200.202301161003/tools/bin/../lib/gcc/arm-none-eabi/10.3.1/../../../../arm-none-eabi/lib/thumb/v7e-m+fp/hard\libm.a(lib_a-w_pow.o)
                              ./Core/Src/parse_NMEA.o (pow)
[...]
Memory Configuration

Name             Origin             Length             Attributes
CCMRAM           0x0000000010000000 0x0000000000010000 xrw
RAM              0x0000000020000000 0x0000000000020000 xrw
FLASH            0x0000000008000000 0x0000000000100000 xr
*default*        0x0000000000000000 0xffffffffffffffff

Linker script and memory map

LOAD c:/st/stm32cubeide_1.12.1/stm32cubeide/plugins/com.st.stm32cube.ide.mcu.externaltools.gnu-tools-for-stm32.10.3-2021.10.win32_1.0.200.202301161003/tools/bin/../lib/gcc/arm-none-eabi/10.3.1/thumb/v7e-m+fp/hard/crti.o
LOAD c:/st/stm32cubeide_1.12.1/stm32cubeide/plugins/com.st.stm32cube.ide.mcu.externaltools.gnu-tools-for-stm32.10.3-2021.10.win32_1.0.200.202301161003/tools/bin/../lib/gcc/arm-none-eabi/10.3.1/thumb/v7e-m+fp/hard/crtbegin.o
LOAD c:/st/stm32cubeide_1.12.1/stm32cubeide/plugins/com.st.stm32cube.ide.mcu.externaltools.gnu-tools-for-stm32.10.3-2021.10.win32_1.0.200.202301161003/tools/bin/../lib/gcc/arm-none-eabi/10.3.1/../../../../arm-none-eabi/lib/thumb/v7e-m+fp/hard/crt0.o
LOAD ./Core/Src/events.o
LOAD ./Core/Src/fatfs_sd.o
LOAD ./Core/Src/i2c.o
LOAD ./Core/Src/main.o
LOAD ./Core/Src/parse_NMEA.o
LOAD ./Core/Src/stm32f4xx_hal_msp.o
LOAD ./Core/Src/stm32f4xx_it.o
LOAD ./Core/Src/syscalls.o
LOAD ./Core/Src/sysmem.o
LOAD ./Core/Src/system_stm32f4xx.o
LOAD ./Core/Src/systick.o
LOAD ./Core/Src/uart.o
LOAD ./Core/Startup/startup_stm32f407vgtx.o
LOAD ./Drivers/STM32F4xx_HAL_Driver/Src/stm32f4xx_hal.o
LOAD ./Drivers/STM32F4xx_HAL_Driver/Src/stm32f4xx_hal_cortex.o
LOAD ./Drivers/STM32F4xx_HAL_Driver/Src/stm32f4xx_hal_dma.o
LOAD ./Drivers/STM32F4xx_HAL_Driver/Src/stm32f4xx_hal_dma_ex.o
LOAD ./Drivers/STM32F4xx_HAL_Driver/Src/stm32f4xx_hal_exti.o
LOAD ./Drivers/STM32F4xx_HAL_Driver/Src/stm32f4xx_hal_flash.o
LOAD ./Drivers/STM32F4xx_HAL_Driver/Src/stm32f4xx_hal_flash_ex.o
LOAD ./Drivers/STM32F4xx_HAL_Driver/Src/stm32f4xx_hal_flash_ramfunc.o
LOAD ./Drivers/STM32F4xx_HAL_Driver/Src/stm32f4xx_hal_gpio.o
LOAD ./Drivers/STM32F4xx_HAL_Driver/Src/stm32f4xx_hal_pwr.o
LOAD ./Drivers/STM32F4xx_HAL_Driver/Src/stm32f4xx_hal_pwr_ex.o
LOAD ./Drivers/STM32F4xx_HAL_Driver/Src/stm32f4xx_hal_rcc.o
LOAD ./Drivers/STM32F4xx_HAL_Driver/Src/stm32f4xx_hal_rcc_ex.o
LOAD ./Drivers/STM32F4xx_HAL_Driver/Src/stm32f4xx_hal_spi.o
LOAD ./Drivers/STM32F4xx_HAL_Driver/Src/stm32f4xx_hal_tim.o
LOAD ./Drivers/STM32F4xx_HAL_Driver/Src/stm32f4xx_hal_tim_ex.o
LOAD ./FATFS/App/fatfs.o
LOAD ./FATFS/Target/user_diskio.o
LOAD ./Middlewares/Third_Party/FatFs/src/diskio.o
LOAD ./Middlewares/Third_Party/FatFs/src/ff.o
LOAD ./Middlewares/Third_Party/FatFs/src/ff_gen_drv.o
LOAD ./Middlewares/Third_Party/FatFs/src/option/ccsbcs.o
LOAD ./Middlewares/Third_Party/FatFs/src/option/syscall.o
START GROUP
LOAD c:/st/stm32cubeide_1.12.1/stm32cubeide/plugins/com.st.stm32cube.ide.mcu.externaltools.gnu-tools-for-stm32.10.3-2021.10.win32_1.0.200.202301161003/tools/bin/../lib/gcc/arm-none-eabi/10.3.1/../../../../arm-none-eabi/lib/thumb/v7e-m+fp/hard\libc_nano.a
LOAD c:/st/stm32cubeide_1.12.1/stm32cubeide/plugins/com.st.stm32cube.ide.mcu.externaltools.gnu-tools-for-stm32.10.3-2021.10.win32_1.0.200.202301161003/tools/bin/../lib/gcc/arm-none-eabi/10.3.1/../../../../arm-none-eabi/lib/thumb/v7e-m+fp/hard\libm.a
END GROUP
START GROUP
LOAD c:/st/stm32cubeide_1.12.1/stm32cubeide/plugins/com.st.stm32cube.ide.mcu.externaltools.gnu-tools-for-stm32.10.3-2021.10.win32_1.0.200.202301161003/tools/bin/../lib/gcc/arm-none-eabi/10.3.1/thumb/v7e-m+fp/hard\libgcc.a
LOAD c:/st/stm32cubeide_1.12.1/stm32cubeide/plugins/com.st.stm32cube.ide.mcu.externaltools.gnu-tools-for-stm32.10.3-2021.10.win32_1.0.200.202301161003/tools/bin/../lib/gcc/arm-none-eabi/10.3.1/../../../../arm-none-eabi/lib/thumb/v7e-m+fp/hard\libc_nano.a
END GROUP
START GROUP
LOAD c:/st/stm32cubeide_1.12.1/stm32cubeide/plugins/com.st.stm32cube.ide.mcu.externaltools.gnu-tools-for-stm32.10.3-2021.10.win32_1.0.200.202301161003/tools/bin/../lib/gcc/arm-none-eabi/10.3.1/thumb/v7e-m+fp/hard\libgcc.a
LOAD c:/st/stm32cubeide_1.12.1/stm32cubeide/plugins/com.st.stm32cube.ide.mcu.externaltools.gnu-tools-for-stm32.10.3-2021.10.win32_1.0.200.202301161003/tools/bin/../lib/gcc/arm-none-eabi/10.3.1/../../../../arm-none-eabi/lib/thumb/v7e-m+fp/hard\libc_nano.a
LOAD c:/st/stm32cubeide_1.12.1/stm32cubeide/plugins/com.st.stm32cube.ide.mcu.externaltools.gnu-tools-for-stm32.10.3-2021.10.win32_1.0.200.202301161003/tools/bin/../lib/gcc/arm-none-eabi/10.3.1/../../../../arm-none-eabi/lib/thumb/v7e-m+fp/hard\libnosys.a
END GROUP
START GROUP
LOAD c:/st/stm32cubeide_1.12.1/stm32cubeide/plugins/com.st.stm32cube.ide.mcu.externaltools.gnu-tools-for-stm32.10.3-2021.10.win32_1.0.200.202301161003/tools/bin/../lib/gcc/arm-none-eabi/10.3.1/thumb/v7e-m+fp/hard\libgcc.a
LOAD c:/st/stm32cubeide_1.12.1/stm32cubeide/plugins/com.st.stm32cube.ide.mcu.externaltools.gnu-tools-for-stm32.10.3-2021.10.win32_1.0.200.202301161003/tools/bin/../lib/gcc/arm-none-eabi/10.3.1/../../../../arm-none-eabi/lib/thumb/v7e-m+fp/hard\libc_nano.a
LOAD c:/st/stm32cubeide_1.12.1/stm32cubeide/plugins/com.st.stm32cube.ide.mcu.externaltools.gnu-tools-for-stm32.10.3-2021.10.win32_1.0.200.202301161003/tools/bin/../lib/gcc/arm-none-eabi/10.3.1/../../../../arm-none-eabi/lib/thumb/v7e-m+fp/hard\libnosys.a
END GROUP
LOAD c:/st/stm32cubeide_1.12.1/stm32cubeide/plugins/com.st.stm32cube.ide.mcu.externaltools.gnu-tools-for-stm32.10.3-2021.10.win32_1.0.200.202301161003/tools/bin/../lib/gcc/arm-none-eabi/10.3.1/thumb/v7e-m+fp/hard/crtend.o
LOAD c:/st/stm32cubeide_1.12.1/stm32cubeide/plugins/com.st.stm32cube.ide.mcu.externaltools.gnu-tools-for-stm32.10.3-2021.10.win32_1.0.200.202301161003/tools/bin/../lib/gcc/arm-none-eabi/10.3.1/thumb/v7e-m+fp/hard/crtn.o
                0x0000000020020000                _estack = (ORIGIN (RAM) + LENGTH (RAM))
                0x0000000000000200                _Min_Heap_Size = 0x200
                0x0000000000000400                _Min_Stack_Size = 0x400

.isr_vector     0x0000000008000000      0x188
                0x0000000008000000                . = ALIGN (0x4)
 *(.isr_vector)
 .isr_vector    0x0000000008000000      0x188 ./Core/Startup/startup_stm32f407vgtx.o
                0x0000000008000000                g_pfnVectors
                0x0000000008000188                . = ALIGN (0x4)

.text           0x0000000008000188     0x82a4
                0x0000000008000188                . = ALIGN (0x4)
 *(.text)
 .text          0x0000000008000188       0x40 c:/st/stm32cubeide_1.12.1/stm32cubeide/plugins/com.st.stm32cube.ide.mcu.externaltools.gnu-tools-for-stm32.10.3-2021.10.win32_1.0.200.202301161003/tools/bin/../lib/gcc/arm-none-eabi/10.3.1/thumb/v7e-m+fp/hard/crtbegin.o
 .text          0x00000000080001c8       0x10 c:/st/stm32cubeide_1.12.1/stm32cubeide/plugins/com.st.stm32cube.ide.mcu.externaltools.gnu-tools-for-stm32.10.3-2021.10.win32_1.0.200.202301161003/tools/bin/../lib/gcc/arm-none-eabi/10.3.1/../../../../arm-none-eabi/lib/thumb/v7e-m+fp/hard\libc_nano.a(lib_a-strlen.o)
                0x00000000080001c8                strlen
 .text          0x00000000080001d8      0x378 c:/st/stm32cubeide_1.12.1/stm32cubeide/plugins/com.st.stm32cube.ide.mcu.externaltools.gnu-tools-for-stm32.10.3-2021.10.win32_1.0.200.202301161003/tools/bin/../lib/gcc/arm-none-eabi/10.3.1/thumb/v7e-m+fp/hard\libgcc.a(_arm_addsubdf3.o)
                0x00000000080001d8                __aeabi_drsub
                0x00000000080001e0                __aeabi_dsub
                0x00000000080001e0                __subdf3
                0x00000000080001e4                __aeabi_dadd
                0x00000000080001e4                __adddf3
                0x000000000800045c                __floatunsidf
                0x000000000800045c                __aeabi_ui2d
                0x000000000800047c                __floatsidf
                0x000000000800047c                __aeabi_i2d
                0x00000000080004a0                __aeabi_f2d
                0x00000000080004a0                __extendsfdf2
                0x00000000080004e4                __floatundidf
                0x00000000080004e4                __aeabi_ul2d
                0x00000000080004f4                __floatdidf
                0x00000000080004f4                __aeabi_l2d
 .text          0x0000000008000550      0x424 c:/st/stm32cubeide_1.12.1/stm32cubeide/plugins/com.st.stm32cube.ide.mcu.externaltools.gnu-tools-for-stm32.10.3-2021.10.win32_1.0.200.202301161003/tools/bin/../lib/gcc/arm-none-eabi/10.3.1/thumb/v7e-m+fp/hard\libgcc.a(_arm_muldivdf3.o)
                0x0000000008000550                __aeabi_dmul
                0x0000000008000550                __muldf3
                0x00000000080007a4                __divdf3
                0x00000000080007a4                __aeabi_ddiv
 .text          0x0000000008000974      0x110 c:/st/stm32cubeide_1.12.1/stm32cubeide/plugins/com.st.stm32cube.ide.mcu.externaltools.gnu-tools-for-stm32.10.3-2021.10.win32_1.0.200.202301161003/tools/bin/../lib/gcc/arm-none-eabi/10.3.1/thumb/v7e-m+fp/hard\libgcc.a(_arm_cmpdf2.o)
                0x0000000008000974                __gtdf2
                0x0000000008000974                __gedf2
                0x000000000800097c                __ltdf2
                0x000000000800097c                __ledf2
                0x0000000008000984                __nedf2
                0x0000000008000984                __eqdf2
                0x0000000008000984                __cmpdf2
                0x0000000008000a00                __aeabi_cdrcmple
                0x0000000008000a10                __aeabi_cdcmpeq
                0x0000000008000a10                __aeabi_cdcmple
                0x0000000008000a20                __aeabi_dcmpeq
                0x0000000008000a34                __aeabi_dcmplt
                0x0000000008000a48                __aeabi_dcmple
                0x0000000008000a5c                __aeabi_dcmpge
                0x0000000008000a70                __aeabi_dcmpgt
 .text          0x0000000008000a84       0x2c c:/st/stm32cubeide_1.12.1/stm32cubeide/plugins/com.st.stm32cube.ide.mcu.externaltools.gnu-tools-for-stm32.10.3-2021.10.win32_1.0.200.202301161003/tools/bin/../lib/gcc/arm-none-eabi/10.3.1/thumb/v7e-m+fp/hard\libgcc.a(_arm_unorddf2.o)
                0x0000000008000a84                __unorddf2
                0x0000000008000a84                __aeabi_dcmpun
 .text          0x0000000008000ab0       0xa0 c:/st/stm32cubeide_1.12.1/stm32cubeide/plugins/com.st.stm32cube.ide.mcu.externaltools.gnu-tools-for-stm32.10.3-2021.10.win32_1.0.200.202301161003/tools/bin/../lib/gcc/arm-none-eabi/10.3.1/thumb/v7e-m+fp/hard\libgcc.a(_arm_truncdfsf2.o)
                0x0000000008000ab0                __truncdfsf2
                0x0000000008000ab0                __aeabi_d2f
 *(.text*)
 .text.event_analysis
                0x0000000008000b50      0x194 ./Core/Src/events.o
                0x0000000008000b50                event_analysis
 .text.buf_analysis
                0x0000000008000ce4       0xd0 ./Core/Src/events.o
                0x0000000008000ce4                buf_analysis
 .text.goToAscii
                0x0000000008000db4       0xec ./Core/Src/events.o
                0x0000000008000db4                goToAscii
 .text.SELECT   0x0000000008000ea0       0x34 ./Core/Src/fatfs_sd.o
 .text.DESELECT
                0x0000000008000ed4       0x34 ./Core/Src/fatfs_sd.o
 .text.SPI_TxByte
                0x0000000008000f08       0x34 ./Core/Src/fatfs_sd.o
 .text.SPI_TxBuffer
                0x0000000008000f3c       0x34 ./Core/Src/fatfs_sd.o
 .text.SPI_RxByte
                0x0000000008000f70       0x38 ./Core/Src/fatfs_sd.o
 .text.SPI_RxBytePtr
                0x0000000008000fa8       0x1c ./Core/Src/fatfs_sd.o
 .text.SD_ReadyWait
                0x0000000008000fc4       0x34 ./Core/Src/fatfs_sd.o
 .text.SD_PowerOn
                0x0000000008000ff8       0x84 ./Core/Src/fatfs_sd.o
 .text.SD_PowerOff
                0x000000000800107c       0x18 ./Core/Src/fatfs_sd.o
 .text.SD_CheckPower
                0x0000000008001094       0x18 ./Core/Src/fatfs_sd.o
 .text.SD_RxDataBlock
                0x00000000080010ac       0x60 ./Core/Src/fatfs_sd.o
 .text.SD_TxDataBlock
                0x000000000800110c       0x86 ./Core/Src/fatfs_sd.o
 .text.SD_SendCmd
                0x0000000008001192       0xa8 ./Core/Src/fatfs_sd.o
 *fill*         0x000000000800123a        0x2 
 .text.SD_disk_initialize
                0x000000000800123c      0x1d8 ./Core/Src/fatfs_sd.o
                0x000000000800123c                SD_disk_initialize
 .text.SD_disk_status
                0x0000000008001414       0x2c ./Core/Src/fatfs_sd.o
                0x0000000008001414                SD_disk_status
 .text.SD_disk_read
                0x0000000008001440       0xd4 ./Core/Src/fatfs_sd.o
                0x0000000008001440                SD_disk_read
 .text.SD_disk_write
                0x0000000008001514      0x108 ./Core/Src/fatfs_sd.o
                0x0000000008001514                SD_disk_write
 .text.SD_disk_ioctl
                0x000000000800161c      0x258 ./Core/Src/fatfs_sd.o
                0x000000000800161c                SD_disk_ioctl
 .text.I2C_Config
                0x0000000008001874       0xe0 ./Core/Src/i2c.o
                0x0000000008001874                I2C_Config
 .text.I2C_Start
                0x0000000008001954       0x3c ./Core/Src/i2c.o
                0x0000000008001954                I2C_Start
 .text.I2C_Write
                0x0000000008001990       0x40 ./Core/Src/i2c.o
                0x0000000008001990                I2C_Write
 .text.I2C_Address
                0x00000000080019d0       0x40 ./Core/Src/i2c.o
                0x00000000080019d0                I2C_Address
 .text.I2C_Stop
                0x0000000008001a10       0x20 ./Core/Src/i2c.o
                0x0000000008001a10                I2C_Stop
 .text.I2C_Read
                0x0000000008001a30      0x14c ./Core/Src/i2c.o
                0x0000000008001a30                I2C_Read
 .text.MPU_Write
                0x0000000008001b7c       0x3a ./Core/Src/i2c.o
                0x0000000008001b7c                MPU_Write
 .text.MPU_Read
                0x0000000008001bb6       0x4a ./Core/Src/i2c.o
                0x0000000008001bb6                MPU_Read
 .text.__NVIC_EnableIRQ
                0x0000000008001c00       0x3c ./Core/Src/main.o
 .text.__NVIC_SetPriority
                0x0000000008001c3c       0x54 ./Core/Src/main.o
 .text.SysTick_Config
                0x0000000008001c90       0x44 ./Core/Src/main.o
 .text.main     0x0000000008001cd4       0x7c ./Core/Src/main.o
                0x0000000008001cd4                main
 .text.MPU6050_Init
                0x0000000008001d50       0x60 ./Core/Src/main.o
                0x0000000008001d50                MPU6050_Init
 .text.MPU6050_Read_Accel
                0x0000000008001db0      0x14c ./Core/Src/main.o
                0x0000000008001db0                MPU6050_Read_Accel
 .text.SystemClock_Config
                0x0000000008001efc       0x58 ./Core/Src/main.o
                0x0000000008001efc                SystemClock_Config
 .text.MX_SPI2_Init
                0x0000000008001f54       0x6c ./Core/Src/main.o
 .text.MX_GPIO_Init
                0x0000000008001fc0      0x2e4 ./Core/Src/main.o
 .text.Error_Handler
                0x00000000080022a4        0xa ./Core/Src/main.o
                0x00000000080022a4                Error_Handler
 .text.gps_fix_check
                0x00000000080022ae       0x4c ./Core/Src/parse_NMEA.o
                0x00000000080022ae                gps_fix_check
 *fill*         0x00000000080022fa        0x6 
 .text.GGA_analysis
                0x0000000008002300      0x670 ./Core/Src/parse_NMEA.o
                0x0000000008002300                GGA_analysis
 .text.valid_data_check
                0x0000000008002970       0x4c ./Core/Src/parse_NMEA.o
                0x0000000008002970                valid_data_check
 .text.speed_data_check
                0x00000000080029bc       0x4c ./Core/Src/parse_NMEA.o
                0x00000000080029bc                speed_data_check
 .text.RMC_analysis
                0x0000000008002a08      0x3c4 ./Core/Src/parse_NMEA.o
                0x0000000008002a08                RMC_analysis
 .text.HAL_MspInit
                0x0000000008002dcc       0x50 ./Core/Src/stm32f4xx_hal_msp.o
                0x0000000008002dcc                HAL_MspInit
 .text.HAL_SPI_MspInit
                0x0000000008002e1c       0x90 ./Core/Src/stm32f4xx_hal_msp.o
                0x0000000008002e1c                HAL_SPI_MspInit
 .text.SDTimer_Handler
                0x0000000008002eac       0x48 ./Core/Src/stm32f4xx_it.o
                0x0000000008002eac                SDTimer_Handler
 .text.NMI_Handler
                0x0000000008002ef4        0x6 ./Core/Src/stm32f4xx_it.o
                0x0000000008002ef4                NMI_Handler
 .text.HardFault_Handler
                0x0000000008002efa        0x6 ./Core/Src/stm32f4xx_it.o
                0x0000000008002efa                HardFault_Handler
 .text.MemManage_Handler
                0x0000000008002f00        0x6 ./Core/Src/stm32f4xx_it.o
                0x0000000008002f00                MemManage_Handler
 .text.BusFault_Handler
                0x0000000008002f06        0x6 ./Core/Src/stm32f4xx_it.o
                0x0000000008002f06                BusFault_Handler
 .text.UsageFault_Handler
                0x0000000008002f0c        0x6 ./Core/Src/stm32f4xx_it.o
                0x0000000008002f0c                UsageFault_Handler
 .text.SVC_Handler
                0x0000000008002f12        0xe ./Core/Src/stm32f4xx_it.o
                0x0000000008002f12                SVC_Handler
 .text.DebugMon_Handler
                0x0000000008002f20        0xe ./Core/Src/stm32f4xx_it.o
                0x0000000008002f20                DebugMon_Handler
 .text.PendSV_Handler
                0x0000000008002f2e        0xe ./Core/Src/stm32f4xx_it.o
                0x0000000008002f2e                PendSV_Handler
 .text.SysTick_Handler
                0x0000000008002f3c       0x38 ./Core/Src/stm32f4xx_it.o
                0x0000000008002f3c                SysTick_Handler
 .text.USART2_IRQHandler
                0x0000000008002f74        0xc ./Core/Src/stm32f4xx_it.o
                0x0000000008002f74                USART2_IRQHandler
 .text.SystemInit
                0x0000000008002f80       0x24 ./Core/Src/system_stm32f4xx.o
                0x0000000008002f80                SystemInit
 .text.incr_ticks
                0x0000000008002fa4       0x24 ./Core/Src/systick.o
                0x0000000008002fa4                incr_ticks
 .text.delay_ms_systick
                0x0000000008002fc8       0x50 ./Core/Src/systick.o
                0x0000000008002fc8                delay_ms_systick
 .text.__NVIC_DisableIRQ
                0x0000000008003018       0x48 ./Core/Src/uart.o
 .text.__NVIC_SetPriority
                0x0000000008003060       0x54 ./Core/Src/uart.o
 .text.Uart2Config
                0x00000000080030b4       0xb0 ./Core/Src/uart.o
                0x00000000080030b4                Uart2Config
 .text.usart2_call
                0x0000000008003164      0x110 ./Core/Src/uart.o
                0x0000000008003164                usart2_call
 .text.Reset_Handler
                0x0000000008003274       0x50 ./Core/Startup/startup_stm32f407vgtx.o
                0x0000000008003274                Reset_Handler
 .text.Default_Handler
                0x00000000080032c4        0x2 ./Core/Startup/startup_stm32f407vgtx.o
                0x00000000080032c4                RTC_Alarm_IRQHandler
                0x00000000080032c4                HASH_RNG_IRQHandler
                0x00000000080032c4                EXTI2_IRQHandler
                0x00000000080032c4                TIM8_CC_IRQHandler
                0x00000000080032c4                TIM1_CC_IRQHandler
                0x00000000080032c4                DMA2_Stream5_IRQHandler
                0x00000000080032c4                DMA1_Stream5_IRQHandler
                0x00000000080032c4                PVD_IRQHandler
                0x00000000080032c4                SDIO_IRQHandler
                0x00000000080032c4                TAMP_STAMP_IRQHandler
                0x00000000080032c4                CAN2_RX1_IRQHandler
                0x00000000080032c4                EXTI3_IRQHandler
                0x00000000080032c4                TIM8_TRG_COM_TIM14_IRQHandler
                0x00000000080032c4                TIM1_UP_TIM10_IRQHandler
                0x00000000080032c4                TIM8_UP_TIM13_IRQHandler
                0x00000000080032c4                I2C3_ER_IRQHandler
                0x00000000080032c4                EXTI0_IRQHandler
                0x00000000080032c4                I2C2_EV_IRQHandler
                0x00000000080032c4                DMA1_Stream2_IRQHandler
                0x00000000080032c4                CAN1_RX0_IRQHandler
                0x00000000080032c4                FPU_IRQHandler
                0x00000000080032c4                OTG_HS_WKUP_IRQHandler
                0x00000000080032c4                CAN2_SCE_IRQHandler
                0x00000000080032c4                DMA2_Stream2_IRQHandler
                0x00000000080032c4                SPI1_IRQHandler
                0x00000000080032c4                TIM6_DAC_IRQHandler
                0x00000000080032c4                TIM1_BRK_TIM9_IRQHandler
                0x00000000080032c4                DCMI_IRQHandler
                0x00000000080032c4                CAN2_RX0_IRQHandler
                0x00000000080032c4                DMA2_Stream3_IRQHandler
                0x00000000080032c4                USART6_IRQHandler
                0x00000000080032c4                USART3_IRQHandler
                0x00000000080032c4                CAN1_RX1_IRQHandler
                0x00000000080032c4                UART5_IRQHandler
                0x00000000080032c4                DMA2_Stream0_IRQHandler
                0x00000000080032c4                TIM4_IRQHandler
                0x00000000080032c4                I2C1_EV_IRQHandler
                0x00000000080032c4                DMA1_Stream6_IRQHandler
                0x00000000080032c4                DMA1_Stream1_IRQHandler
                0x00000000080032c4                UART4_IRQHandler
                0x00000000080032c4                TIM3_IRQHandler
                0x00000000080032c4                RCC_IRQHandler
                0x00000000080032c4                TIM8_BRK_TIM12_IRQHandler
                0x00000000080032c4                Default_Handler
                0x00000000080032c4                EXTI15_10_IRQHandler
                0x00000000080032c4                ADC_IRQHandler
                0x00000000080032c4                DMA1_Stream7_IRQHandler
                0x00000000080032c4                TIM7_IRQHandler
                0x00000000080032c4                CAN2_TX_IRQHandler
                0x00000000080032c4                TIM5_IRQHandler
                0x00000000080032c4                DMA2_Stream7_IRQHandler
                0x00000000080032c4                I2C3_EV_IRQHandler
                0x00000000080032c4                EXTI9_5_IRQHandler
                0x00000000080032c4                RTC_WKUP_IRQHandler
                0x00000000080032c4                ETH_WKUP_IRQHandler
                0x00000000080032c4                SPI2_IRQHandler
                0x00000000080032c4                OTG_HS_EP1_IN_IRQHandler
                0x00000000080032c4                DMA1_Stream0_IRQHandler
                0x00000000080032c4                CAN1_TX_IRQHandler
                0x00000000080032c4                EXTI4_IRQHandler
                0x00000000080032c4                FSMC_IRQHandler
                0x00000000080032c4                ETH_IRQHandler
                0x00000000080032c4                OTG_HS_EP1_OUT_IRQHandler
                0x00000000080032c4                WWDG_IRQHandler
                0x00000000080032c4                TIM2_IRQHandler
                0x00000000080032c4                OTG_FS_WKUP_IRQHandler
                0x00000000080032c4                TIM1_TRG_COM_TIM11_IRQHandler
                0x00000000080032c4                OTG_HS_IRQHandler
                0x00000000080032c4                EXTI1_IRQHandler
                0x00000000080032c4                I2C2_ER_IRQHandler
                0x00000000080032c4                DMA2_Stream1_IRQHandler
                0x00000000080032c4                CAN1_SCE_IRQHandler
                0x00000000080032c4                FLASH_IRQHandler
                0x00000000080032c4                DMA2_Stream4_IRQHandler
                0x00000000080032c4                USART1_IRQHandler
                0x00000000080032c4                OTG_FS_IRQHandler
                0x00000000080032c4                SPI3_IRQHandler
                0x00000000080032c4                DMA1_Stream4_IRQHandler
                0x00000000080032c4                I2C1_ER_IRQHandler
                0x00000000080032c4                DMA2_Stream6_IRQHandler
                0x00000000080032c4                DMA1_Stream3_IRQHandler
 *fill*         0x00000000080032c6        0x2 
 .text.HAL_Init
                0x00000000080032c8       0x38 ./Drivers/STM32F4xx_HAL_Driver/Src/stm32f4xx_hal.o
                0x00000000080032c8                HAL_Init
 .text.HAL_IncTick
                0x0000000008003300       0x28 ./Drivers/STM32F4xx_HAL_Driver/Src/stm32f4xx_hal.o
                0x0000000008003300                HAL_IncTick
 .text.HAL_GetTick
                0x0000000008003328       0x18 ./Drivers/STM32F4xx_HAL_Driver/Src/stm32f4xx_hal.o
                0x0000000008003328                HAL_GetTick
 .text.__NVIC_SetPriorityGrouping
                0x0000000008003340       0x48 ./Drivers/STM32F4xx_HAL_Driver/Src/stm32f4xx_hal_cortex.o
 .text.HAL_NVIC_SetPriorityGrouping
                0x0000000008003388       0x16 ./Drivers/STM32F4xx_HAL_Driver/Src/stm32f4xx_hal_cortex.o
                0x0000000008003388                HAL_NVIC_SetPriorityGrouping
 *fill*         0x000000000800339e        0x2 
 .text.HAL_GPIO_Init
                0x00000000080033a0      0x338 ./Drivers/STM32F4xx_HAL_Driver/Src/stm32f4xx_hal_gpio.o
                0x00000000080033a0                HAL_GPIO_Init
 .text.HAL_GPIO_WritePin
                0x00000000080036d8       0x32 ./Drivers/STM32F4xx_HAL_Driver/Src/stm32f4xx_hal_gpio.o
                0x00000000080036d8                HAL_GPIO_WritePin
 .text.HAL_SPI_Init
                0x000000000800370a      0x112 ./Drivers/STM32F4xx_HAL_Driver/Src/stm32f4xx_hal_spi.o
                0x000000000800370a                HAL_SPI_Init
 .text.HAL_SPI_Transmit
                0x000000000800381c      0x278 ./Drivers/STM32F4xx_HAL_Driver/Src/stm32f4xx_hal_spi.o
                0x000000000800381c                HAL_SPI_Transmit
 .text.HAL_SPI_TransmitReceive
                0x0000000008003a94      0x344 ./Drivers/STM32F4xx_HAL_Driver/Src/stm32f4xx_hal_spi.o
                0x0000000008003a94                HAL_SPI_TransmitReceive
 .text.SPI_WaitFlagStateUntilTimeout
                0x0000000008003dd8      0x110 ./Drivers/STM32F4xx_HAL_Driver/Src/stm32f4xx_hal_spi.o
 .text.SPI_EndRxTxTransaction
                0x0000000008003ee8       0x84 ./Drivers/STM32F4xx_HAL_Driver/Src/stm32f4xx_hal_spi.o
 .text.MX_FATFS_Init
                0x0000000008003f6c       0x24 ./FATFS/App/fatfs.o
                0x0000000008003f6c                MX_FATFS_Init
 .text.get_fattime
                0x0000000008003f90       0x10 ./FATFS/App/fatfs.o
                0x0000000008003f90                get_fattime
 .text.USER_initialize
                0x0000000008003fa0       0x1e ./FATFS/Target/user_diskio.o
                0x0000000008003fa0                USER_initialize
 .text.USER_status
                0x0000000008003fbe       0x1e ./FATFS/Target/user_diskio.o
                0x0000000008003fbe                USER_status
 .text.USER_read
                0x0000000008003fdc       0x28 ./FATFS/Target/user_diskio.o
                0x0000000008003fdc                USER_read
 .text.USER_write
                0x0000000008004004       0x28 ./FATFS/Target/user_diskio.o
                0x0000000008004004                USER_write
 .text.USER_ioctl
                0x000000000800402c       0x28 ./FATFS/Target/user_diskio.o
                0x000000000800402c                USER_ioctl
 .text.disk_status
                0x0000000008004054       0x34 ./Middlewares/Third_Party/FatFs/src/diskio.o
                0x0000000008004054                disk_status
 .text.disk_initialize
                0x0000000008004088       0x4c ./Middlewares/Third_Party/FatFs/src/diskio.o
                0x0000000008004088                disk_initialize
 .text.disk_read
                0x00000000080040d4       0x40 ./Middlewares/Third_Party/FatFs/src/diskio.o
                0x00000000080040d4                disk_read
 .text.disk_write
                0x0000000008004114       0x40 ./Middlewares/Third_Party/FatFs/src/diskio.o
                0x0000000008004114                disk_write
 .text.disk_ioctl
                0x0000000008004154       0x3c ./Middlewares/Third_Party/FatFs/src/diskio.o
                0x0000000008004154                disk_ioctl
 .text.ld_word  0x0000000008004190       0x30 ./Middlewares/Third_Party/FatFs/src/ff.o
 .text.ld_dword
                0x00000000080041c0       0x46 ./Middlewares/Third_Party/FatFs/src/ff.o
 .text.st_word  0x0000000008004206       0x36 ./Middlewares/Third_Party/FatFs/src/ff.o
 .text.st_dword
                0x000000000800423c       0x58 ./Middlewares/Third_Party/FatFs/src/ff.o
 .text.mem_cpy  0x0000000008004294       0x42 ./Middlewares/Third_Party/FatFs/src/ff.o
 .text.mem_set  0x00000000080042d6       0x36 ./Middlewares/Third_Party/FatFs/src/ff.o
 .text.mem_cmp  0x000000000800430c       0x4e ./Middlewares/Third_Party/FatFs/src/ff.o
 .text.chk_chr  0x000000000800435a       0x36 ./Middlewares/Third_Party/FatFs/src/ff.o
 .text.chk_lock
                0x0000000008004390       0xb8 ./Middlewares/Third_Party/FatFs/src/ff.o
 .text.enq_lock
                0x0000000008004448       0x44 ./Middlewares/Third_Party/FatFs/src/ff.o
 .text.inc_lock
                0x000000000800448c      0x11c ./Middlewares/Third_Party/FatFs/src/ff.o
 .text.dec_lock
                0x00000000080045a8       0x78 ./Middlewares/Third_Party/FatFs/src/ff.o
 .text.clear_lock
                0x0000000008004620       0x48 ./Middlewares/Third_Party/FatFs/src/ff.o
 .text.sync_window
                0x0000000008004668       0x88 ./Middlewares/Third_Party/FatFs/src/ff.o
 .text.move_window
                0x00000000080046f0       0x5a ./Middlewares/Third_Party/FatFs/src/ff.o
 *fill*         0x000000000800474a        0x2 
 .text.sync_fs  0x000000000800474c       0xe0 ./Middlewares/Third_Party/FatFs/src/ff.o
 .text.clust2sect
                0x000000000800482c       0x3e ./Middlewares/Third_Party/FatFs/src/ff.o
 .text.get_fat  0x000000000800486a      0x1a8 ./Middlewares/Third_Party/FatFs/src/ff.o
 .text.put_fat  0x0000000008004a12      0x238 ./Middlewares/Third_Party/FatFs/src/ff.o
 .text.remove_chain
                0x0000000008004c4a       0xca ./Middlewares/Third_Party/FatFs/src/ff.o
 .text.create_chain
                0x0000000008004d14      0x130 ./Middlewares/Third_Party/FatFs/src/ff.o
 .text.clmt_clust
                0x0000000008004e44       0x70 ./Middlewares/Third_Party/FatFs/src/ff.o
 .text.dir_sdi  0x0000000008004eb4      0x112 ./Middlewares/Third_Party/FatFs/src/ff.o
 .text.dir_next
                0x0000000008004fc6      0x1ac ./Middlewares/Third_Party/FatFs/src/ff.o
 .text.dir_alloc
                0x0000000008005172       0x8e ./Middlewares/Third_Party/FatFs/src/ff.o
 .text.ld_clust
                0x0000000008005200       0x3e ./Middlewares/Third_Party/FatFs/src/ff.o
 .text.st_clust
                0x000000000800523e       0x40 ./Middlewares/Third_Party/FatFs/src/ff.o
 *fill*         0x000000000800527e        0x2 
 .text.cmp_lfn  0x0000000008005280       0xe0 ./Middlewares/Third_Party/FatFs/src/ff.o
 .text.put_lfn  0x0000000008005360       0xd0 ./Middlewares/Third_Party/FatFs/src/ff.o
 .text.gen_numname
                0x0000000008005430      0x11c ./Middlewares/Third_Party/FatFs/src/ff.o
 .text.sum_sfn  0x000000000800554c       0x42 ./Middlewares/Third_Party/FatFs/src/ff.o
 .text.dir_find
                0x000000000800558e      0x180 ./Middlewares/Third_Party/FatFs/src/ff.o
 *fill*         0x000000000800570e        0x2 
 .text.dir_register
                0x0000000008005710      0x1f0 ./Middlewares/Third_Party/FatFs/src/ff.o
 .text.create_name
                0x0000000008005900      0x370 ./Middlewares/Third_Party/FatFs/src/ff.o
 .text.follow_path
                0x0000000008005c70       0xec ./Middlewares/Third_Party/FatFs/src/ff.o
 .text.get_ldnumber
                0x0000000008005d5c       0x88 ./Middlewares/Third_Party/FatFs/src/ff.o
 .text.check_fs
                0x0000000008005de4       0xac ./Middlewares/Third_Party/FatFs/src/ff.o
 .text.find_volume
                0x0000000008005e90      0x50c ./Middlewares/Third_Party/FatFs/src/ff.o
 .text.validate
                0x000000000800639c       0x6a ./Middlewares/Third_Party/FatFs/src/ff.o
 *fill*         0x0000000008006406        0x2 
 .text.f_mount  0x0000000008006408       0x8c ./Middlewares/Third_Party/FatFs/src/ff.o
                0x0000000008006408                f_mount
 .text.f_open   0x0000000008006494      0x398 ./Middlewares/Third_Party/FatFs/src/ff.o
                0x0000000008006494                f_open
 .text.f_write  0x000000000800682c      0x328 ./Middlewares/Third_Party/FatFs/src/ff.o
                0x000000000800682c                f_write
 .text.f_sync   0x0000000008006b54       0xfc ./Middlewares/Third_Party/FatFs/src/ff.o
                0x0000000008006b54                f_sync
 .text.f_close  0x0000000008006c50       0x54 ./Middlewares/Third_Party/FatFs/src/ff.o
                0x0000000008006c50                f_close
 .text.f_lseek  0x0000000008006ca4      0x448 ./Middlewares/Third_Party/FatFs/src/ff.o
                0x0000000008006ca4                f_lseek
 .text.putc_bfd
                0x00000000080070ec       0x7a ./Middlewares/Third_Party/FatFs/src/ff.o
 .text.putc_flush
                0x0000000008007166       0x4a ./Middlewares/Third_Party/FatFs/src/ff.o
 .text.putc_init
                0x00000000080071b0       0x2a ./Middlewares/Third_Party/FatFs/src/ff.o
 .text.f_puts   0x00000000080071da       0x48 ./Middlewares/Third_Party/FatFs/src/ff.o
                0x00000000080071da                f_puts
 *fill*         0x0000000008007222        0x2 
 .text.FATFS_LinkDriverEx
                0x0000000008007224       0x98 ./Middlewares/Third_Party/FatFs/src/ff_gen_drv.o
                0x0000000008007224                FATFS_LinkDriverEx
 .text.FATFS_LinkDriver
                0x00000000080072bc       0x1e ./Middlewares/Third_Party/FatFs/src/ff_gen_drv.o
                0x00000000080072bc                FATFS_LinkDriver
 *fill*         0x00000000080072da        0x2 
 .text.ff_convert
                0x00000000080072dc       0x78 ./Middlewares/Third_Party/FatFs/src/option/ccsbcs.o
                0x00000000080072dc                ff_convert
 .text.ff_wtoupper
                0x0000000008007354      0x114 ./Middlewares/Third_Party/FatFs/src/option/ccsbcs.o
                0x0000000008007354                ff_wtoupper
 .text.atoi     0x0000000008007468        0x8 c:/st/stm32cubeide_1.12.1/stm32cubeide/plugins/com.st.stm32cube.ide.mcu.externaltools.gnu-tools-for-stm32.10.3-2021.10.win32_1.0.200.202301161003/tools/bin/../lib/gcc/arm-none-eabi/10.3.1/../../../../arm-none-eabi/lib/thumb/v7e-m+fp/hard\libc_nano.a(lib_a-atoi.o)
                0x0000000008007468                atoi
 .text.__errno  0x0000000008007470        0xc c:/st/stm32cubeide_1.12.1/stm32cubeide/plugins/com.st.stm32cube.ide.mcu.externaltools.gnu-tools-for-stm32.10.3-2021.10.win32_1.0.200.202301161003/tools/bin/../lib/gcc/arm-none-eabi/10.3.1/../../../../arm-none-eabi/lib/thumb/v7e-m+fp/hard\libc_nano.a(lib_a-errno.o)
                0x0000000008007470                __errno
 .text.__libc_init_array
                0x000000000800747c       0x48 c:/st/stm32cubeide_1.12.1/stm32cubeide/plugins/com.st.stm32cube.ide.mcu.externaltools.gnu-tools-for-stm32.10.3-2021.10.win32_1.0.200.202301161003/tools/bin/../lib/gcc/arm-none-eabi/10.3.1/../../../../arm-none-eabi/lib/thumb/v7e-m+fp/hard\libc_nano.a(lib_a-init.o)
                0x000000000800747c                __libc_init_array
 .text._strtol_l.constprop.0
                0x00000000080074c4      0x104 c:/st/stm32cubeide_1.12.1/stm32cubeide/plugins/com.st.stm32cube.ide.mcu.externaltools.gnu-tools-for-stm32.10.3-2021.10.win32_1.0.200.202301161003/tools/bin/../lib/gcc/arm-none-eabi/10.3.1/../../../../arm-none-eabi/lib/thumb/v7e-m+fp/hard\libc_nano.a(lib_a-strtol.o)
 .text.strtol   0x00000000080075c8       0x14 c:/st/stm32cubeide_1.12.1/stm32cubeide/plugins/com.st.stm32cube.ide.mcu.externaltools.gnu-tools-for-stm32.10.3-2021.10.win32_1.0.200.202301161003/tools/bin/../lib/gcc/arm-none-eabi/10.3.1/../../../../arm-none-eabi/lib/thumb/v7e-m+fp/hard\libc_nano.a(lib_a-strtol.o)
                0x00000000080075c8                strtol
 .text.pow      0x00000000080075dc       0xe0 c:/st/stm32cubeide_1.12.1/stm32cubeide/plugins/com.st.stm32cube.ide.mcu.externaltools.gnu-tools-for-stm32.10.3-2021.10.win32_1.0.200.202301161003/tools/bin/../lib/gcc/arm-none-eabi/10.3.1/../../../../arm-none-eabi/lib/thumb/v7e-m+fp/hard\libm.a(lib_a-w_pow.o)
                0x00000000080075dc                pow
 *fill*         0x00000000080076bc        0x4 
 .text.__ieee754_pow
                0x00000000080076c0      0xa5c c:/st/stm32cubeide_1.12.1/stm32cubeide/plugins/com.st.stm32cube.ide.mcu.externaltools.gnu-tools-for-stm32.10.3-2021.10.win32_1.0.200.202301161003/tools/bin/../lib/gcc/arm-none-eabi/10.3.1/../../../../arm-none-eabi/lib/thumb/v7e-m+fp/hard\libm.a(lib_a-e_pow.o)
                0x00000000080076c0                __ieee754_pow
 .text.__ieee754_sqrt
                0x000000000800811c      0x164 c:/st/stm32cubeide_1.12.1/stm32cubeide/plugins/com.st.stm32cube.ide.mcu.externaltools.gnu-tools-for-stm32.10.3-2021.10.win32_1.0.200.202301161003/tools/bin/../lib/gcc/arm-none-eabi/10.3.1/../../../../arm-none-eabi/lib/thumb/v7e-m+fp/hard\libm.a(lib_a-e_sqrt.o)
                0x000000000800811c                __ieee754_sqrt
 .text.with_errno
                0x0000000008008280       0x14 c:/st/stm32cubeide_1.12.1/stm32cubeide/plugins/com.st.stm32cube.ide.mcu.externaltools.gnu-tools-for-stm32.10.3-2021.10.win32_1.0.200.202301161003/tools/bin/../lib/gcc/arm-none-eabi/10.3.1/../../../../arm-none-eabi/lib/thumb/v7e-m+fp/hard\libm.a(lib_a-math_err.o)
 .text.xflow    0x0000000008008294       0x28 c:/st/stm32cubeide_1.12.1/stm32cubeide/plugins/com.st.stm32cube.ide.mcu.externaltools.gnu-tools-for-stm32.10.3-2021.10.win32_1.0.200.202301161003/tools/bin/../lib/gcc/arm-none-eabi/10.3.1/../../../../arm-none-eabi/lib/thumb/v7e-m+fp/hard\libm.a(lib_a-math_err.o)
 .text.__math_uflow
                0x00000000080082bc       0x12 c:/st/stm32cubeide_1.12.1/stm32cubeide/plugins/com.st.stm32cube.ide.mcu.externaltools.gnu-tools-for-stm32.10.3-2021.10.win32_1.0.200.202301161003/tools/bin/../lib/gcc/arm-none-eabi/10.3.1/../../../../arm-none-eabi/lib/thumb/v7e-m+fp/hard\libm.a(lib_a-math_err.o)
                0x00000000080082bc                __math_uflow
 .text.__math_oflow
                0x00000000080082ce       0x12 c:/st/stm32cubeide_1.12.1/stm32cubeide/plugins/com.st.stm32cube.ide.mcu.externaltools.gnu-tools-for-stm32.10.3-2021.10.win32_1.0.200.202301161003/tools/bin/../lib/gcc/arm-none-eabi/10.3.1/../../../../arm-none-eabi/lib/thumb/v7e-m+fp/hard\libm.a(lib_a-math_err.o)
                0x00000000080082ce                __math_oflow
 .text.fabs     0x00000000080082e0       0x12 c:/st/stm32cubeide_1.12.1/stm32cubeide/plugins/com.st.stm32cube.ide.mcu.externaltools.gnu-tools-for-stm32.10.3-2021.10.win32_1.0.200.202301161003/tools/bin/../lib/gcc/arm-none-eabi/10.3.1/../../../../arm-none-eabi/lib/thumb/v7e-m+fp/hard\libm.a(lib_a-s_fabs.o)
                0x00000000080082e0                fabs
 .text.finite   0x00000000080082f2       0x16 c:/st/stm32cubeide_1.12.1/stm32cubeide/plugins/com.st.stm32cube.ide.mcu.externaltools.gnu-tools-for-stm32.10.3-2021.10.win32_1.0.200.202301161003/tools/bin/../lib/gcc/arm-none-eabi/10.3.1/../../../../arm-none-eabi/lib/thumb/v7e-m+fp/hard\libm.a(lib_a-s_finite.o)
                0x00000000080082f2                finite
 .text.scalbn   0x0000000008008308      0x10c c:/st/stm32cubeide_1.12.1/stm32cubeide/plugins/com.st.stm32cube.ide.mcu.externaltools.gnu-tools-for-stm32.10.3-2021.10.win32_1.0.200.202301161003/tools/bin/../lib/gcc/arm-none-eabi/10.3.1/../../../../arm-none-eabi/lib/thumb/v7e-m+fp/hard\libm.a(lib_a-s_scalbn.o)
                0x0000000008008308                scalbn
 *(.glue_7)
 .glue_7        0x0000000008008414        0x0 linker stubs
 *(.glue_7t)
 .glue_7t       0x0000000008008414        0x0 linker stubs
 *(.eh_frame)
 .eh_frame      0x0000000008008414        0x0 c:/st/stm32cubeide_1.12.1/stm32cubeide/plugins/com.st.stm32cube.ide.mcu.externaltools.gnu-tools-for-stm32.10.3-2021.10.win32_1.0.200.202301161003/tools/bin/../lib/gcc/arm-none-eabi/10.3.1/thumb/v7e-m+fp/hard/crtbegin.o
 *(.init)
 .init          0x0000000008008414        0x4 c:/st/stm32cubeide_1.12.1/stm32cubeide/plugins/com.st.stm32cube.ide.mcu.externaltools.gnu-tools-for-stm32.10.3-2021.10.win32_1.0.200.202301161003/tools/bin/../lib/gcc/arm-none-eabi/10.3.1/thumb/v7e-m+fp/hard/crti.o
                0x0000000008008414                _init
 .init          0x0000000008008418        0x8 c:/st/stm32cubeide_1.12.1/stm32cubeide/plugins/com.st.stm32cube.ide.mcu.externaltools.gnu-tools-for-stm32.10.3-2021.10.win32_1.0.200.202301161003/tools/bin/../lib/gcc/arm-none-eabi/10.3.1/thumb/v7e-m+fp/hard/crtn.o
 *(.fini)
 .fini          0x0000000008008420        0x4 c:/st/stm32cubeide_1.12.1/stm32cubeide/plugins/com.st.stm32cube.ide.mcu.externaltools.gnu-tools-for-stm32.10.3-2021.10.win32_1.0.200.202301161003/tools/bin/../lib/gcc/arm-none-eabi/10.3.1/thumb/v7e-m+fp/hard/crti.o
                0x0000000008008420                _fini
 .fini          0x0000000008008424        0x8 c:/st/stm32cubeide_1.12.1/stm32cubeide/plugins/com.st.stm32cube.ide.mcu.externaltools.gnu-tools-for-stm32.10.3-2021.10.win32_1.0.200.202301161003/tools/bin/../lib/gcc/arm-none-eabi/10.3.1/thumb/v7e-m+fp/hard/crtn.o
                0x000000000800842c                . = ALIGN (0x4)
                0x000000000800842c                _etext = .

.vfp11_veneer   0x000000000800842c        0x0
 .vfp11_veneer  0x000000000800842c        0x0 linker stubs

.v4_bx          0x000000000800842c        0x0
 .v4_bx         0x000000000800842c        0x0 linker stubs

.iplt           0x000000000800842c        0x0
 .iplt          0x000000000800842c        0x0 c:/st/stm32cubeide_1.12.1/stm32cubeide/plugins/com.st.stm32cube.ide.mcu.externaltools.gnu-tools-for-stm32.10.3-2021.10.win32_1.0.200.202301161003/tools/bin/../lib/gcc/arm-none-eabi/10.3.1/thumb/v7e-m+fp/hard/crtbegin.o

.rodata         0x0000000008008430      0x718
                0x0000000008008430                . = ALIGN (0x4)
 *(.rodata)
 .rodata        0x0000000008008430       0xcb ./Core/Src/events.o
 *fill*         0x00000000080084fb        0x1 
 .rodata        0x00000000080084fc       0x8b ./Core/Src/parse_NMEA.o
 *fill*         0x0000000008008587        0x1 
 .rodata        0x0000000008008588       0x48 ./Middlewares/Third_Party/FatFs/src/ff.o
 *(.rodata*)
 .rodata.ExCvt  0x00000000080085d0       0x80 ./Middlewares/Third_Party/FatFs/src/ff.o
 .rodata.LfnOfs
                0x0000000008008650        0xd ./Middlewares/Third_Party/FatFs/src/ff.o
 *fill*         0x000000000800865d        0x3 
 .rodata.Tbl    0x0000000008008660      0x100 ./Middlewares/Third_Party/FatFs/src/option/ccsbcs.o
 .rodata.cvt1.1
                0x0000000008008760      0x1f2 ./Middlewares/Third_Party/FatFs/src/option/ccsbcs.o
 *fill*         0x0000000008008952        0x2 
 .rodata.cvt2.0
                0x0000000008008954       0xbc ./Middlewares/Third_Party/FatFs/src/option/ccsbcs.o
 .rodata._ctype_
                0x0000000008008a10      0x101 c:/st/stm32cubeide_1.12.1/stm32cubeide/plugins/com.st.stm32cube.ide.mcu.externaltools.gnu-tools-for-stm32.10.3-2021.10.win32_1.0.200.202301161003/tools/bin/../lib/gcc/arm-none-eabi/10.3.1/../../../../arm-none-eabi/lib/thumb/v7e-m+fp/hard\libc_nano.a(lib_a-ctype_.o)
                0x0000000008008a10                _ctype_
 *fill*         0x0000000008008b11        0x7 
 .rodata.bp     0x0000000008008b18       0x10 c:/st/stm32cubeide_1.12.1/stm32cubeide/plugins/com.st.stm32cube.ide.mcu.externaltools.gnu-tools-for-stm32.10.3-2021.10.win32_1.0.200.202301161003/tools/bin/../lib/gcc/arm-none-eabi/10.3.1/../../../../arm-none-eabi/lib/thumb/v7e-m+fp/hard\libm.a(lib_a-e_pow.o)
 .rodata.dp_h   0x0000000008008b28       0x10 c:/st/stm32cubeide_1.12.1/stm32cubeide/plugins/com.st.stm32cube.ide.mcu.externaltools.gnu-tools-for-stm32.10.3-2021.10.win32_1.0.200.202301161003/tools/bin/../lib/gcc/arm-none-eabi/10.3.1/../../../../arm-none-eabi/lib/thumb/v7e-m+fp/hard\libm.a(lib_a-e_pow.o)
 .rodata.dp_l   0x0000000008008b38       0x10 c:/st/stm32cubeide_1.12.1/stm32cubeide/plugins/com.st.stm32cube.ide.mcu.externaltools.gnu-tools-for-stm32.10.3-2021.10.win32_1.0.200.202301161003/tools/bin/../lib/gcc/arm-none-eabi/10.3.1/../../../../arm-none-eabi/lib/thumb/v7e-m+fp/hard\libm.a(lib_a-e_pow.o)
                0x0000000008008b48                . = ALIGN (0x4)

.rel.dyn        0x0000000008008b48        0x0
 .rel.iplt      0x0000000008008b48        0x0 c:/st/stm32cubeide_1.12.1/stm32cubeide/plugins/com.st.stm32cube.ide.mcu.externaltools.gnu-tools-for-stm32.10.3-2021.10.win32_1.0.200.202301161003/tools/bin/../lib/gcc/arm-none-eabi/10.3.1/thumb/v7e-m+fp/hard/crtbegin.o

.ARM.extab      0x0000000008008b48        0x0
                0x0000000008008b48                . = ALIGN (0x4)
 *(.ARM.extab* .gnu.linkonce.armextab.*)
                0x0000000008008b48                . = ALIGN (0x4)

.ARM            0x0000000008008b48        0x0
                0x0000000008008b48                . = ALIGN (0x4)
                0x0000000008008b48                __exidx_start = .
 *(.ARM.exidx*)
                0x0000000008008b48                __exidx_end = .
                0x0000000008008b48                . = ALIGN (0x4)

.preinit_array  0x0000000008008b48        0x0
                0x0000000008008b48                . = ALIGN (0x4)
                0x0000000008008b48                PROVIDE (__preinit_array_start = .)
 *(.preinit_array*)
                0x0000000008008b48                PROVIDE (__preinit_array_end = .)
                0x0000000008008b48                . = ALIGN (0x4)

.init_array     0x0000000008008b48        0x4
                0x0000000008008b48                . = ALIGN (0x4)
                0x0000000008008b48                PROVIDE (__init_array_start = .)
 *(SORT_BY_NAME(.init_array.*))
 *(.init_array*)
 .init_array    0x0000000008008b48        0x4 c:/st/stm32cubeide_1.12.1/stm32cubeide/plugins/com.st.stm32cube.ide.mcu.externaltools.gnu-tools-for-stm32.10.3-2021.10.win32_1.0.200.202301161003/tools/bin/../lib/gcc/arm-none-eabi/10.3.1/thumb/v7e-m+fp/hard/crtbegin.o
                0x0000000008008b4c                PROVIDE (__init_array_end = .)
                0x0000000008008b4c                . = ALIGN (0x4)

.fini_array     0x0000000008008b4c        0x4
                0x0000000008008b4c                . = ALIGN (0x4)
                [!provide]                        PROVIDE (__fini_array_start = .)
 *(SORT_BY_NAME(.fini_array.*))
 *(.fini_array*)
 .fini_array    0x0000000008008b4c        0x4 c:/st/stm32cubeide_1.12.1/stm32cubeide/plugins/com.st.stm32cube.ide.mcu.externaltools.gnu-tools-for-stm32.10.3-2021.10.win32_1.0.200.202301161003/tools/bin/../lib/gcc/arm-none-eabi/10.3.1/thumb/v7e-m+fp/hard/crtbegin.o
                [!provide]                        PROVIDE (__fini_array_end = .)
                0x0000000008008b50                . = ALIGN (0x4)
                0x0000000008008b50                _sidata = LOADADDR (.data)

.data           0x0000000020000000       0xa4 load address 0x0000000008008b50
                0x0000000020000000                . = ALIGN (0x4)
                0x0000000020000000                _sdata = .
 *(.data)
 *(.data*)
 .data.Stat     0x0000000020000000        0x1 ./Core/Src/fatfs_sd.o
 *fill*         0x0000000020000001        0x3 
 .data.SystemCoreClock
                0x0000000020000004        0x4 ./Core/Src/system_stm32f4xx.o
                0x0000000020000004                SystemCoreClock
 .data.NMEA     0x0000000020000008       0x20 ./Core/Src/uart.o
                0x0000000020000008                NMEA
 .data.uwTickFreq
                0x0000000020000028        0x1 ./Drivers/STM32F4xx_HAL_Driver/Src/stm32f4xx_hal.o
                0x0000000020000028                uwTickFreq
 *fill*         0x0000000020000029        0x3 
 .data.USER_Driver
                0x000000002000002c       0x14 ./FATFS/Target/user_diskio.o
                0x000000002000002c                USER_Driver
 .data._impure_ptr
                0x0000000020000040        0x4 c:/st/stm32cubeide_1.12.1/stm32cubeide/plugins/com.st.stm32cube.ide.mcu.externaltools.gnu-tools-for-stm32.10.3-2021.10.win32_1.0.200.202301161003/tools/bin/../lib/gcc/arm-none-eabi/10.3.1/../../../../arm-none-eabi/lib/thumb/v7e-m+fp/hard\libc_nano.a(lib_a-impure.o)
                0x0000000020000040                _impure_ptr
 .data.impure_data
                0x0000000020000044       0x60 c:/st/stm32cubeide_1.12.1/stm32cubeide/plugins/com.st.stm32cube.ide.mcu.externaltools.gnu-tools-for-stm32.10.3-2021.10.win32_1.0.200.202301161003/tools/bin/../lib/gcc/arm-none-eabi/10.3.1/../../../../arm-none-eabi/lib/thumb/v7e-m+fp/hard\libc_nano.a(lib_a-impure.o)
 *(.RamFunc)
 *(.RamFunc*)
                0x00000000200000a4                . = ALIGN (0x4)
                0x00000000200000a4                _edata = .
                0x0000000008008bf4                _siccmram = LOADADDR (.ccmram)

.igot.plt       0x00000000200000a4        0x0 load address 0x0000000008008bf4
 .igot.plt      0x00000000200000a4        0x0 c:/st/stm32cubeide_1.12.1/stm32cubeide/plugins/com.st.stm32cube.ide.mcu.externaltools.gnu-tools-for-stm32.10.3-2021.10.win32_1.0.200.202301161003/tools/bin/../lib/gcc/arm-none-eabi/10.3.1/thumb/v7e-m+fp/hard/crtbegin.o

.ccmram         0x0000000010000000        0x0 load address 0x0000000008008bf4
                0x0000000010000000                . = ALIGN (0x4)
                0x0000000010000000                _sccmram = .
 *(.ccmram)
 *(.ccmram*)
                0x0000000010000000                . = ALIGN (0x4)
                0x0000000010000000                _eccmram = .
                0x0000000010000000                . = ALIGN (0x4)

.bss            0x00000000200000a8     0x6934
                0x00000000200000a8                _sbss = .
                0x00000000200000a8                __bss_start__ = _sbss
 *(.bss)
 .bss           0x00000000200000a8       0x1c c:/st/stm32cubeide_1.12.1/stm32cubeide/plugins/com.st.stm32cube.ide.mcu.externaltools.gnu-tools-for-stm32.10.3-2021.10.win32_1.0.200.202301161003/tools/bin/../lib/gcc/arm-none-eabi/10.3.1/thumb/v7e-m+fp/hard/crtbegin.o
 *(.bss*)
 .bss.fs1       0x00000000200000c4     0x1038 ./Core/Src/events.o
                0x00000000200000c4                fs1
 .bss.fil1      0x00000000200010fc     0x1030 ./Core/Src/events.o
                0x00000000200010fc                fil1
 .bss.bw1       0x000000002000212c        0x4 ./Core/Src/events.o
                0x000000002000212c                bw1
 .bss.buffer_min
                0x0000000020002130        0x6 ./Core/Src/events.o
                0x0000000020002130                buffer_min
 *fill*         0x0000000020002136        0x2 
 .bss.buffer_max
                0x0000000020002138        0x6 ./Core/Src/events.o
                0x0000000020002138                buffer_max
 *fill*         0x000000002000213e        0x2 
 .bss.char_buf_avg0
                0x0000000020002140       0x14 ./Core/Src/events.o
                0x0000000020002140                char_buf_avg0
 .bss.char_buf_avg1
                0x0000000020002154       0x14 ./Core/Src/events.o
                0x0000000020002154                char_buf_avg1
 .bss.char_buf_avg2
                0x0000000020002168       0x14 ./Core/Src/events.o
                0x0000000020002168                char_buf_avg2
 .bss.buffer_average
                0x000000002000217c        0x6 ./Core/Src/events.o
                0x000000002000217c                buffer_average
 *fill*         0x0000000020002182        0x2 
 .bss.buffer_range
                0x0000000020002184        0x6 ./Core/Src/events.o
                0x0000000020002184                buffer_range
 .bss.lane_change
                0x000000002000218a        0x2 ./Core/Src/events.o
                0x000000002000218a                lane_change
 .bss.irregular_accel
                0x000000002000218c        0x2 ./Core/Src/events.o
                0x000000002000218c                irregular_accel
 .bss.rash_driving
                0x000000002000218e        0x2 ./Core/Src/events.o
                0x000000002000218e                rash_driving
 .bss.CardType  0x0000000020002190        0x1 ./Core/Src/fatfs_sd.o
 .bss.PowerFlag
                0x0000000020002191        0x1 ./Core/Src/fatfs_sd.o
 .bss.Accel_X_RAW
                0x0000000020002192        0x2 ./Core/Src/main.o
                0x0000000020002192                Accel_X_RAW
 .bss.Accel_Y_RAW
                0x0000000020002194        0x2 ./Core/Src/main.o
                0x0000000020002194                Accel_Y_RAW
 .bss.Accel_Z_RAW
                0x0000000020002196        0x2 ./Core/Src/main.o
                0x0000000020002196                Accel_Z_RAW
 .bss.systick_count
                0x0000000020002198        0x2 ./Core/Src/main.o
                0x0000000020002198                systick_count
 *fill*         0x000000002000219a        0x2 
 .bss.x_axis_buffer
                0x000000002000219c       0x66 ./Core/Src/main.o
                0x000000002000219c                x_axis_buffer
 *fill*         0x0000000020002202        0x2 
 .bss.y_axis_buffer
                0x0000000020002204       0x66 ./Core/Src/main.o
                0x0000000020002204                y_axis_buffer
 *fill*         0x000000002000226a        0x2 
 .bss.z_axis_buffer
                0x000000002000226c       0x66 ./Core/Src/main.o
                0x000000002000226c                z_axis_buffer
 .bss.buff_incr
                0x00000000200022d2        0x1 ./Core/Src/main.o
                0x00000000200022d2                buff_incr
 *fill*         0x00000000200022d3        0x1 
 .bss.Ax        0x00000000200022d4        0x4 ./Core/Src/main.o
                0x00000000200022d4                Ax
 .bss.Ay        0x00000000200022d8        0x4 ./Core/Src/main.o
                0x00000000200022d8                Ay
 .bss.Az        0x00000000200022dc        0x4 ./Core/Src/main.o
                0x00000000200022dc                Az
 .bss.hspi2     0x00000000200022e0       0x58 ./Core/Src/main.o
                0x00000000200022e0                hspi2
 .bss.fs2       0x0000000020002338     0x1038 ./Core/Src/parse_NMEA.o
                0x0000000020002338                fs2
 .bss.fil2      0x0000000020003370     0x1030 ./Core/Src/parse_NMEA.o
                0x0000000020003370                fil2
 .bss.bw2       0x00000000200043a0        0x4 ./Core/Src/parse_NMEA.o
                0x00000000200043a0                bw2
 .bss.fs3       0x00000000200043a4     0x1038 ./Core/Src/parse_NMEA.o
                0x00000000200043a4                fs3
 .bss.fil3      0x00000000200053dc     0x1030 ./Core/Src/parse_NMEA.o
                0x00000000200053dc                fil3
 .bss.bw3       0x000000002000640c        0x4 ./Core/Src/parse_NMEA.o
                0x000000002000640c                bw3
 .bss.index1    0x0000000020006410        0x4 ./Core/Src/parse_NMEA.o
                0x0000000020006410                index1
 .bss.FatFsCnt  0x0000000020006414        0x1 ./Core/Src/stm32f4xx_it.o
                0x0000000020006414                FatFsCnt
 *fill*         0x0000000020006415        0x1 
 .bss.Timer1    0x0000000020006416        0x2 ./Core/Src/stm32f4xx_it.o
                0x0000000020006416                Timer1
 .bss.Timer2    0x0000000020006418        0x2 ./Core/Src/stm32f4xx_it.o
                0x0000000020006418                Timer2
 *fill*         0x000000002000641a        0x6 
 .bss.ticks     0x0000000020006420        0x8 ./Core/Src/systick.o
                0x0000000020006420                ticks
 .bss.GPRMC     0x0000000020006428       0x64 ./Core/Src/uart.o
                0x0000000020006428                GPRMC
 .bss.GPVTG     0x000000002000648c       0x64 ./Core/Src/uart.o
                0x000000002000648c                GPVTG
 .bss.GPGGA     0x00000000200064f0       0x64 ./Core/Src/uart.o
                0x00000000200064f0                GPGGA
 .bss.GPGSA     0x0000000020006554       0x64 ./Core/Src/uart.o
                0x0000000020006554                GPGSA
 .bss.GPGSV1    0x00000000200065b8       0x64 ./Core/Src/uart.o
                0x00000000200065b8                GPGSV1
 .bss.GPGSV2    0x000000002000661c       0x64 ./Core/Src/uart.o
                0x000000002000661c                GPGSV2
 .bss.GPGSV3    0x0000000020006680       0x64 ./Core/Src/uart.o
                0x0000000020006680                GPGSV3
 .bss.GPGLL     0x00000000200066e4       0x64 ./Core/Src/uart.o
                0x00000000200066e4                GPGLL
 .bss.buf_count
                0x0000000020006748        0x4 ./Core/Src/uart.o
                0x0000000020006748                buf_count
 .bss.nmea_count
                0x000000002000674c        0x4 ./Core/Src/uart.o
                0x000000002000674c                nmea_count
 .bss.uart_incr_ticks
                0x0000000020006750        0x4 ./Core/Src/uart.o
                0x0000000020006750                uart_incr_ticks
 .bss.even_counter
                0x0000000020006754        0x1 ./Core/Src/uart.o
                0x0000000020006754                even_counter
 *fill*         0x0000000020006755        0x3 
 .bss.gnssTransfer
                0x0000000020006758       0x44 ./Core/Src/uart.o
                0x0000000020006758                gnssTransfer
 .bss.uwTick    0x000000002000679c        0x4 ./Drivers/STM32F4xx_HAL_Driver/Src/stm32f4xx_hal.o
                0x000000002000679c                uwTick
 .bss.retUSER   0x00000000200067a0        0x1 ./FATFS/App/fatfs.o
                0x00000000200067a0                retUSER
 *fill*         0x00000000200067a1        0x3 
 .bss.USERPath  0x00000000200067a4        0x4 ./FATFS/App/fatfs.o
                0x00000000200067a4                USERPath
 .bss.FatFs     0x00000000200067a8        0x4 ./Middlewares/Third_Party/FatFs/src/ff.o
 .bss.Fsid      0x00000000200067ac        0x2 ./Middlewares/Third_Party/FatFs/src/ff.o
 *fill*         0x00000000200067ae        0x2 
 .bss.Files     0x00000000200067b0       0x20 ./Middlewares/Third_Party/FatFs/src/ff.o
 .bss.LfnBuf    0x00000000200067d0      0x200 ./Middlewares/Third_Party/FatFs/src/ff.o
 .bss.disk      0x00000000200069d0        0xc ./Middlewares/Third_Party/FatFs/src/ff_gen_drv.o
                0x00000000200069d0                disk
 *(COMMON)
                0x00000000200069dc                . = ALIGN (0x4)
                0x00000000200069dc                _ebss = .
                0x00000000200069dc                __bss_end__ = _ebss

._user_heap_stack
                0x00000000200069dc      0x604
                0x00000000200069e0                . = ALIGN (0x8)
 *fill*         0x00000000200069dc        0x4 
                [!provide]                        PROVIDE (end = .)
                0x00000000200069e0                PROVIDE (_end = .)
                0x0000000020006be0                . = (. + _Min_Heap_Size)
 *fill*         0x00000000200069e0      0x200 
                0x0000000020006fe0                . = (. + _Min_Stack_Size)
 *fill*         0x0000000020006be0      0x400 
                0x0000000020006fe0                . = ALIGN (0x8)

/DISCARD/
 libc.a(*)
 libm.a(*)
 libgcc.a(*)

.ARM.attributes
                0x0000000000000000       0x30
 *(.ARM.attributes)
 .ARM.attributes
                0x0000000000000000       0x1e c:/st/stm32cubeide_1.12.1/stm32cubeide/plugins/com.st.stm32cube.ide.mcu.externaltools.gnu-tools-for-stm32.10.3-2021.10.win32_1.0.200.202301161003/tools/bin/../lib/gcc/arm-none-eabi/10.3.1/thumb/v7e-m+fp/hard/crti.o
 .ARM.attributes
                0x000000000000001e       0x34 c:/st/stm32cubeide_1.12.1/stm32cubeide/plugins/com.st.stm32cube.ide.mcu.externaltools.gnu-tools-for-stm32.10.3-2021.10.win32_1.0.200.202301161003/tools/bin/../lib/gcc/arm-none-eabi/10.3.1/thumb/v7e-m+fp/hard/crtbegin.o
 .ARM.attributes
                0x0000000000000052       0x34 ./Core/Src/events.o
 .ARM.attributes
                0x0000000000000086       0x34 ./Core/Src/fatfs_sd.o
 .ARM.attributes
                0x00000000000000ba       0x34 ./Core/Src/i2c.o
 .ARM.attributes
                0x00000000000000ee       0x34 ./Core/Src/main.o
 .ARM.attributes
                0x0000000000000122       0x34 ./Core/Src/parse_NMEA.o
 .ARM.attributes
                0x0000000000000156       0x34 ./Core/Src/stm32f4xx_hal_msp.o
 .ARM.attributes
                0x000000000000018a       0x34 ./Core/Src/stm32f4xx_it.o
 .ARM.attributes
                0x00000000000001be       0x34 ./Core/Src/system_stm32f4xx.o
 .ARM.attributes
                0x00000000000001f2       0x34 ./Core/Src/systick.o
 .ARM.attributes
                0x0000000000000226       0x34 ./Core/Src/uart.o
 .ARM.attributes
                0x000000000000025a       0x21 ./Core/Startup/startup_stm32f407vgtx.o
 .ARM.attributes
                0x000000000000027b       0x34 ./Drivers/STM32F4xx_HAL_Driver/Src/stm32f4xx_hal.o
 .ARM.attributes
                0x00000000000002af       0x34 ./Drivers/STM32F4xx_HAL_Driver/Src/stm32f4xx_hal_cortex.o
 .ARM.attributes
                0x00000000000002e3       0x34 ./Drivers/STM32F4xx_HAL_Driver/Src/stm32f4xx_hal_gpio.o
 .ARM.attributes
                0x0000000000000317       0x34 ./Drivers/STM32F4xx_HAL_Driver/Src/stm32f4xx_hal_spi.o
 .ARM.attributes
                0x000000000000034b       0x34 ./FATFS/App/fatfs.o
 .ARM.attributes
                0x000000000000037f       0x34 ./FATFS/Target/user_diskio.o
 .ARM.attributes
                0x00000000000003b3       0x34 ./Middlewares/Third_Party/FatFs/src/diskio.o
 .ARM.attributes
                0x00000000000003e7       0x34 ./Middlewares/Third_Party/FatFs/src/ff.o
 .ARM.attributes
                0x000000000000041b       0x34 ./Middlewares/Third_Party/FatFs/src/ff_gen_drv.o
 .ARM.attributes
                0x000000000000044f       0x34 ./Middlewares/Third_Party/FatFs/src/option/ccsbcs.o
 .ARM.attributes
                0x0000000000000483       0x34 c:/st/stm32cubeide_1.12.1/stm32cubeide/plugins/com.st.stm32cube.ide.mcu.externaltools.gnu-tools-for-stm32.10.3-2021.10.win32_1.0.200.202301161003/tools/bin/../lib/gcc/arm-none-eabi/10.3.1/../../../../arm-none-eabi/lib/thumb/v7e-m+fp/hard\libc_nano.a(lib_a-atoi.o)
 .ARM.attributes
                0x00000000000004b7       0x34 c:/st/stm32cubeide_1.12.1/stm32cubeide/plugins/com.st.stm32cube.ide.mcu.externaltools.gnu-tools-for-stm32.10.3-2021.10.win32_1.0.200.202301161003/tools/bin/../lib/gcc/arm-none-eabi/10.3.1/../../../../arm-none-eabi/lib/thumb/v7e-m+fp/hard\libc_nano.a(lib_a-errno.o)
 .ARM.attributes
                0x00000000000004eb       0x34 c:/st/stm32cubeide_1.12.1/stm32cubeide/plugins/com.st.stm32cube.ide.mcu.externaltools.gnu-tools-for-stm32.10.3-2021.10.win32_1.0.200.202301161003/tools/bin/../lib/gcc/arm-none-eabi/10.3.1/../../../../arm-none-eabi/lib/thumb/v7e-m+fp/hard\libc_nano.a(lib_a-impure.o)
 .ARM.attributes
                0x000000000000051f       0x34 c:/st/stm32cubeide_1.12.1/stm32cubeide/plugins/com.st.stm32cube.ide.mcu.externaltools.gnu-tools-for-stm32.10.3-2021.10.win32_1.0.200.202301161003/tools/bin/../lib/gcc/arm-none-eabi/10.3.1/../../../../arm-none-eabi/lib/thumb/v7e-m+fp/hard\libc_nano.a(lib_a-init.o)
 .ARM.attributes
                0x0000000000000553       0x17 c:/st/stm32cubeide_1.12.1/stm32cubeide/plugins/com.st.stm32cube.ide.mcu.externaltools.gnu-tools-for-stm32.10.3-2021.10.win32_1.0.200.202301161003/tools/bin/../lib/gcc/arm-none-eabi/10.3.1/../../../../arm-none-eabi/lib/thumb/v7e-m+fp/hard\libc_nano.a(lib_a-strlen.o)
 .ARM.attributes
                0x000000000000056a       0x34 c:/st/stm32cubeide_1.12.1/stm32cubeide/plugins/com.st.stm32cube.ide.mcu.externaltools.gnu-tools-for-stm32.10.3-2021.10.win32_1.0.200.202301161003/tools/bin/../lib/gcc/arm-none-eabi/10.3.1/../../../../arm-none-eabi/lib/thumb/v7e-m+fp/hard\libc_nano.a(lib_a-strtol.o)
 .ARM.attributes
                0x000000000000059e       0x34 c:/st/stm32cubeide_1.12.1/stm32cubeide/plugins/com.st.stm32cube.ide.mcu.externaltools.gnu-tools-for-stm32.10.3-2021.10.win32_1.0.200.202301161003/tools/bin/../lib/gcc/arm-none-eabi/10.3.1/../../../../arm-none-eabi/lib/thumb/v7e-m+fp/hard\libc_nano.a(lib_a-ctype_.o)
 .ARM.attributes
                0x00000000000005d2       0x34 c:/st/stm32cubeide_1.12.1/stm32cubeide/plugins/com.st.stm32cube.ide.mcu.externaltools.gnu-tools-for-stm32.10.3-2021.10.win32_1.0.200.202301161003/tools/bin/../lib/gcc/arm-none-eabi/10.3.1/../../../../arm-none-eabi/lib/thumb/v7e-m+fp/hard\libm.a(lib_a-w_pow.o)
 .ARM.attributes
                0x0000000000000606       0x34 c:/st/stm32cubeide_1.12.1/stm32cubeide/plugins/com.st.stm32cube.ide.mcu.externaltools.gnu-tools-for-stm32.10.3-2021.10.win32_1.0.200.202301161003/tools/bin/../lib/gcc/arm-none-eabi/10.3.1/../../../../arm-none-eabi/lib/thumb/v7e-m+fp/hard\libm.a(lib_a-e_pow.o)
 .ARM.attributes
                0x000000000000063a       0x34 c:/st/stm32cubeide_1.12.1/stm32cubeide/plugins/com.st.stm32cube.ide.mcu.externaltools.gnu-tools-for-stm32.10.3-2021.10.win32_1.0.200.202301161003/tools/bin/../lib/gcc/arm-none-eabi/10.3.1/../../../../arm-none-eabi/lib/thumb/v7e-m+fp/hard\libm.a(lib_a-e_sqrt.o)
 .ARM.attributes
                0x000000000000066e       0x34 c:/st/stm32cubeide_1.12.1/stm32cubeide/plugins/com.st.stm32cube.ide.mcu.externaltools.gnu-tools-for-stm32.10.3-2021.10.win32_1.0.200.202301161003/tools/bin/../lib/gcc/arm-none-eabi/10.3.1/../../../../arm-none-eabi/lib/thumb/v7e-m+fp/hard\libm.a(lib_a-math_err.o)
 .ARM.attributes
                0x00000000000006a2       0x34 c:/st/stm32cubeide_1.12.1/stm32cubeide/plugins/com.st.stm32cube.ide.mcu.externaltools.gnu-tools-for-stm32.10.3-2021.10.win32_1.0.200.202301161003/tools/bin/../lib/gcc/arm-none-eabi/10.3.1/../../../../arm-none-eabi/lib/thumb/v7e-m+fp/hard\libm.a(lib_a-s_fabs.o)
 .ARM.attributes
                0x00000000000006d6       0x34 c:/st/stm32cubeide_1.12.1/stm32cubeide/plugins/com.st.stm32cube.ide.mcu.externaltools.gnu-tools-for-stm32.10.3-2021.10.win32_1.0.200.202301161003/tools/bin/../lib/gcc/arm-none-eabi/10.3.1/../../../../arm-none-eabi/lib/thumb/v7e-m+fp/hard\libm.a(lib_a-s_finite.o)
 .ARM.attributes
                0x000000000000070a       0x34 c:/st/stm32cubeide_1.12.1/stm32cubeide/plugins/com.st.stm32cube.ide.mcu.externaltools.gnu-tools-for-stm32.10.3-2021.10.win32_1.0.200.202301161003/tools/bin/../lib/gcc/arm-none-eabi/10.3.1/../../../../arm-none-eabi/lib/thumb/v7e-m+fp/hard\libm.a(lib_a-s_scalbn.o)
 .ARM.attributes
                0x000000000000073e       0x1e c:/st/stm32cubeide_1.12.1/stm32cubeide/plugins/com.st.stm32cube.ide.mcu.externaltools.gnu-tools-for-stm32.10.3-2021.10.win32_1.0.200.202301161003/tools/bin/../lib/gcc/arm-none-eabi/10.3.1/thumb/v7e-m+fp/hard\libgcc.a(_arm_addsubdf3.o)
 .ARM.attributes
                0x000000000000075c       0x1e c:/st/stm32cubeide_1.12.1/stm32cubeide/plugins/com.st.stm32cube.ide.mcu.externaltools.gnu-tools-for-stm32.10.3-2021.10.win32_1.0.200.202301161003/tools/bin/../lib/gcc/arm-none-eabi/10.3.1/thumb/v7e-m+fp/hard\libgcc.a(_arm_muldivdf3.o)
 .ARM.attributes
                0x000000000000077a       0x1e c:/st/stm32cubeide_1.12.1/stm32cubeide/plugins/com.st.stm32cube.ide.mcu.externaltools.gnu-tools-for-stm32.10.3-2021.10.win32_1.0.200.202301161003/tools/bin/../lib/gcc/arm-none-eabi/10.3.1/thumb/v7e-m+fp/hard\libgcc.a(_arm_cmpdf2.o)
 .ARM.attributes
                0x0000000000000798       0x1e c:/st/stm32cubeide_1.12.1/stm32cubeide/plugins/com.st.stm32cube.ide.mcu.externaltools.gnu-tools-for-stm32.10.3-2021.10.win32_1.0.200.202301161003/tools/bin/../lib/gcc/arm-none-eabi/10.3.1/thumb/v7e-m+fp/hard\libgcc.a(_arm_unorddf2.o)
 .ARM.attributes
                0x00000000000007b6       0x1e c:/st/stm32cubeide_1.12.1/stm32cubeide/plugins/com.st.stm32cube.ide.mcu.externaltools.gnu-tools-for-stm32.10.3-2021.10.win32_1.0.200.202301161003/tools/bin/../lib/gcc/arm-none-eabi/10.3.1/thumb/v7e-m+fp/hard\libgcc.a(_arm_truncdfsf2.o)
 .ARM.attributes
                0x00000000000007d4       0x1e c:/st/stm32cubeide_1.12.1/stm32cubeide/plugins/com.st.stm32cube.ide.mcu.externaltools.gnu-tools-for-stm32.10.3-2021.10.win32_1.0.200.202301161003/tools/bin/../lib/gcc/arm-none-eabi/10.3.1/thumb/v7e-m+fp/hard/crtn.o
OUTPUT(ESD_Final_Project.elf elf32-littlearm)
LOAD linker stubs
LOAD c:/st/stm32cubeide_1.12.1/stm32cubeide/plugins/com.st.stm32cube.ide.mcu.externaltools.gnu-tools-for-stm32.10.3-2021.10.win32_1.0.200.202301161003/tools/bin/../lib/gcc/arm-none-eabi/10.3.1/../../../../arm-none-eabi/lib/thumb/v7e-m+fp/hard\libc.a
LOAD c:/st/stm32cubeide_1.12.1/stm32cubeide/plugins/com.st.stm32cube.ide.mcu.externaltools.gnu-tools-for-stm32.10.3-2021.10.win32_1.0.200.202301161003/tools/bin/../lib/gcc/arm-none-eabi/10.3.1/../../../../arm-none-eabi/lib/thumb/v7e-m+fp/hard\libm.a
LOAD c:/st/stm32cubeide_1.12.1/stm32cubeide/plugins/com.st.stm32cube.ide.mcu.externaltools.gnu-tools-for-stm32.10.3-2021.10.win32_1.0.200.202301161003/tools/bin/../lib/gcc/arm-none-eabi/10.3.1/thumb/v7e-m+fp/hard\libgcc.a

.debug_info     0x0000000000000000     0xcb4c
 .debug_info    0x0000000000000000      0x74f ./Core/Src/events.o
 .debug_info    0x000000000000074f      0xcf4 ./Core/Src/fatfs_sd.o
 .debug_info    0x0000000000001443      0x56e ./Core/Src/i2c.o
 .debug_info    0x00000000000019b1     0x17f1 ./Core/Src/main.o
 .debug_info    0x00000000000031a2      0x9dd ./Core/Src/parse_NMEA.o
 .debug_info    0x0000000000003b7f      0x9c9 ./Core/Src/stm32f4xx_hal_msp.o
 .debug_info    0x0000000000004548      0x1c5 ./Core/Src/stm32f4xx_it.o
 .debug_info    0x000000000000470d      0x523 ./Core/Src/system_stm32f4xx.o
 .debug_info    0x0000000000004c30      0x104 ./Core/Src/systick.o
 .debug_info    0x0000000000004d34      0xcde ./Core/Src/uart.o
 .debug_info    0x0000000000005a12       0x22 ./Core/Startup/startup_stm32f407vgtx.o
 .debug_info    0x0000000000005a34      0x969 ./Drivers/STM32F4xx_HAL_Driver/Src/stm32f4xx_hal.o
 .debug_info    0x000000000000639d      0xe1b ./Drivers/STM32F4xx_HAL_Driver/Src/stm32f4xx_hal_cortex.o
 .debug_info    0x00000000000071b8      0x76a ./Drivers/STM32F4xx_HAL_Driver/Src/stm32f4xx_hal_gpio.o
 .debug_info    0x0000000000007922     0x1758 ./Drivers/STM32F4xx_HAL_Driver/Src/stm32f4xx_hal_spi.o
 .debug_info    0x000000000000907a      0x526 ./FATFS/App/fatfs.o
 .debug_info    0x00000000000095a0      0x3dc ./FATFS/Target/user_diskio.o
 .debug_info    0x000000000000997c      0x412 ./Middlewares/Third_Party/FatFs/src/diskio.o
 .debug_info    0x0000000000009d8e     0x284f ./Middlewares/Third_Party/FatFs/src/ff.o
 .debug_info    0x000000000000c5dd      0x3a9 ./Middlewares/Third_Party/FatFs/src/ff_gen_drv.o
 .debug_info    0x000000000000c986      0x1c6 ./Middlewares/Third_Party/FatFs/src/option/ccsbcs.o

.debug_abbrev   0x0000000000000000     0x2424
 .debug_abbrev  0x0000000000000000      0x1af ./Core/Src/events.o
 .debug_abbrev  0x00000000000001af      0x2c4 ./Core/Src/fatfs_sd.o
 .debug_abbrev  0x0000000000000473      0x137 ./Core/Src/i2c.o
 .debug_abbrev  0x00000000000005aa      0x37f ./Core/Src/main.o
 .debug_abbrev  0x0000000000000929      0x219 ./Core/Src/parse_NMEA.o
 .debug_abbrev  0x0000000000000b42      0x1a9 ./Core/Src/stm32f4xx_hal_msp.o
 .debug_abbrev  0x0000000000000ceb       0x9d ./Core/Src/stm32f4xx_it.o
 .debug_abbrev  0x0000000000000d88      0x116 ./Core/Src/system_stm32f4xx.o
 .debug_abbrev  0x0000000000000e9e       0xae ./Core/Src/systick.o
 .debug_abbrev  0x0000000000000f4c      0x267 ./Core/Src/uart.o
 .debug_abbrev  0x00000000000011b3       0x12 ./Core/Startup/startup_stm32f407vgtx.o
 .debug_abbrev  0x00000000000011c5      0x20d ./Drivers/STM32F4xx_HAL_Driver/Src/stm32f4xx_hal.o
 .debug_abbrev  0x00000000000013d2      0x316 ./Drivers/STM32F4xx_HAL_Driver/Src/stm32f4xx_hal_cortex.o
 .debug_abbrev  0x00000000000016e8      0x1c4 ./Drivers/STM32F4xx_HAL_Driver/Src/stm32f4xx_hal_gpio.o
 .debug_abbrev  0x00000000000018ac      0x26e ./Drivers/STM32F4xx_HAL_Driver/Src/stm32f4xx_hal_spi.o
 .debug_abbrev  0x0000000000001b1a      0x15a ./FATFS/App/fatfs.o
 .debug_abbrev  0x0000000000001c74      0x155 ./FATFS/Target/user_diskio.o
 .debug_abbrev  0x0000000000001dc9      0x178 ./Middlewares/Third_Party/FatFs/src/diskio.o
 .debug_abbrev  0x0000000000001f41      0x271 ./Middlewares/Third_Party/FatFs/src/ff.o
 .debug_abbrev  0x00000000000021b2      0x196 ./Middlewares/Third_Party/FatFs/src/ff_gen_drv.o
 .debug_abbrev  0x0000000000002348       0xdc ./Middlewares/Third_Party/FatFs/src/option/ccsbcs.o

.debug_aranges  0x0000000000000000      0xac8
 .debug_aranges
                0x0000000000000000       0x30 ./Core/Src/events.o
 .debug_aranges
                0x0000000000000030       0xa8 ./Core/Src/fatfs_sd.o
 .debug_aranges
                0x00000000000000d8       0x58 ./Core/Src/i2c.o
 .debug_aranges
                0x0000000000000130       0x78 ./Core/Src/main.o
 .debug_aranges
                0x00000000000001a8       0x40 ./Core/Src/parse_NMEA.o
 .debug_aranges
                0x00000000000001e8       0x30 ./Core/Src/stm32f4xx_hal_msp.o
 .debug_aranges
                0x0000000000000218       0x70 ./Core/Src/stm32f4xx_it.o
 .debug_aranges
                0x0000000000000288       0x28 ./Core/Src/system_stm32f4xx.o
 .debug_aranges
                0x00000000000002b0       0x28 ./Core/Src/systick.o
 .debug_aranges
                0x00000000000002d8       0x50 ./Core/Src/uart.o
 .debug_aranges
                0x0000000000000328       0x28 ./Core/Startup/startup_stm32f407vgtx.o
 .debug_aranges
                0x0000000000000350       0xf0 ./Drivers/STM32F4xx_HAL_Driver/Src/stm32f4xx_hal.o
 .debug_aranges
                0x0000000000000440      0x118 ./Drivers/STM32F4xx_HAL_Driver/Src/stm32f4xx_hal_cortex.o
 .debug_aranges
                0x0000000000000558       0x58 ./Drivers/STM32F4xx_HAL_Driver/Src/stm32f4xx_hal_gpio.o
 .debug_aranges
                0x00000000000005b0      0x1d0 ./Drivers/STM32F4xx_HAL_Driver/Src/stm32f4xx_hal_spi.o
 .debug_aranges
                0x0000000000000780       0x28 ./FATFS/App/fatfs.o
 .debug_aranges
                0x00000000000007a8       0x40 ./FATFS/Target/user_diskio.o
 .debug_aranges
                0x00000000000007e8       0x48 ./Middlewares/Third_Party/FatFs/src/diskio.o
 .debug_aranges
                0x0000000000000830      0x230 ./Middlewares/Third_Party/FatFs/src/ff.o
 .debug_aranges
                0x0000000000000a60       0x40 ./Middlewares/Third_Party/FatFs/src/ff_gen_drv.o
 .debug_aranges
                0x0000000000000aa0       0x28 ./Middlewares/Third_Party/FatFs/src/option/ccsbcs.o

.debug_ranges   0x0000000000000000      0x980
 .debug_ranges  0x0000000000000000       0x20 ./Core/Src/events.o
 .debug_ranges  0x0000000000000020       0x98 ./Core/Src/fatfs_sd.o
 .debug_ranges  0x00000000000000b8       0x48 ./Core/Src/i2c.o
 .debug_ranges  0x0000000000000100       0x68 ./Core/Src/main.o
 .debug_ranges  0x0000000000000168       0x30 ./Core/Src/parse_NMEA.o
 .debug_ranges  0x0000000000000198       0x20 ./Core/Src/stm32f4xx_hal_msp.o
 .debug_ranges  0x00000000000001b8       0x60 ./Core/Src/stm32f4xx_it.o
 .debug_ranges  0x0000000000000218       0x18 ./Core/Src/system_stm32f4xx.o
 .debug_ranges  0x0000000000000230       0x18 ./Core/Src/systick.o
 .debug_ranges  0x0000000000000248       0x40 ./Core/Src/uart.o
 .debug_ranges  0x0000000000000288       0x20 ./Core/Startup/startup_stm32f407vgtx.o
 .debug_ranges  0x00000000000002a8       0xe0 ./Drivers/STM32F4xx_HAL_Driver/Src/stm32f4xx_hal.o
 .debug_ranges  0x0000000000000388      0x108 ./Drivers/STM32F4xx_HAL_Driver/Src/stm32f4xx_hal_cortex.o
 .debug_ranges  0x0000000000000490       0x48 ./Drivers/STM32F4xx_HAL_Driver/Src/stm32f4xx_hal_gpio.o
 .debug_ranges  0x00000000000004d8      0x1c0 ./Drivers/STM32F4xx_HAL_Driver/Src/stm32f4xx_hal_spi.o
 .debug_ranges  0x0000000000000698       0x18 ./FATFS/App/fatfs.o
 .debug_ranges  0x00000000000006b0       0x30 ./FATFS/Target/user_diskio.o
 .debug_ranges  0x00000000000006e0       0x38 ./Middlewares/Third_Party/FatFs/src/diskio.o
 .debug_ranges  0x0000000000000718      0x220 ./Middlewares/Third_Party/FatFs/src/ff.o
 .debug_ranges  0x0000000000000938       0x30 ./Middlewares/Third_Party/FatFs/src/ff_gen_drv.o
 .debug_ranges  0x0000000000000968       0x18 ./Middlewares/Third_Party/FatFs/src/option/ccsbcs.o

.debug_macro    0x0000000000000000    0x231b9
 .debug_macro   0x0000000000000000      0x42e ./Core/Src/events.o
 .debug_macro   0x000000000000042e      0xa78 ./Core/Src/events.o
 .debug_macro   0x0000000000000ea6       0x22 ./Core/Src/events.o
 .debug_macro   0x0000000000000ec8       0x8e ./Core/Src/events.o
 .debug_macro   0x0000000000000f56       0x51 ./Core/Src/events.o
 .debug_macro   0x0000000000000fa7      0x103 ./Core/Src/events.o
 .debug_macro   0x00000000000010aa       0x6a ./Core/Src/events.o
 .debug_macro   0x0000000000001114      0x1df ./Core/Src/events.o
 .debug_macro   0x00000000000012f3       0x52 ./Core/Src/events.o
 .debug_macro   0x0000000000001345       0x1e ./Core/Src/events.o
 .debug_macro   0x0000000000001363       0x3c ./Core/Src/events.o
 .debug_macro   0x000000000000139f       0x34 ./Core/Src/events.o
 .debug_macro   0x00000000000013d3       0x16 ./Core/Src/events.o
 .debug_macro   0x00000000000013e9       0x97 ./Core/Src/events.o
 .debug_macro   0x0000000000001480      0x341 ./Core/Src/events.o
 .debug_macro   0x00000000000017c1       0xfd ./Core/Src/events.o
 .debug_macro   0x00000000000018be       0x10 ./Core/Src/events.o
 .debug_macro   0x00000000000018ce       0x16 ./Core/Src/events.o
 .debug_macro   0x00000000000018e4       0x43 ./Core/Src/events.o
 .debug_macro   0x0000000000001927       0x34 ./Core/Src/events.o
 .debug_macro   0x000000000000195b       0x10 ./Core/Src/events.o
 .debug_macro   0x000000000000196b       0x58 ./Core/Src/events.o
 .debug_macro   0x00000000000019c3       0x71 ./Core/Src/events.o
 .debug_macro   0x0000000000001a34       0x1c ./Core/Src/events.o
 .debug_macro   0x0000000000001a50      0x12a ./Core/Src/events.o
 .debug_macro   0x0000000000001b7a       0x10 ./Core/Src/events.o
 .debug_macro   0x0000000000001b8a       0x1c ./Core/Src/events.o
 .debug_macro   0x0000000000001ba6       0x52 ./Core/Src/events.o
 .debug_macro   0x0000000000001bf8       0x22 ./Core/Src/events.o
 .debug_macro   0x0000000000001c1a       0x10 ./Core/Src/events.o
 .debug_macro   0x0000000000001c2a       0x52 ./Core/Src/events.o
 .debug_macro   0x0000000000001c7c       0xd5 ./Core/Src/events.o
 .debug_macro   0x0000000000001d51       0x1c ./Core/Src/events.o
 .debug_macro   0x0000000000001d6d       0x3d ./Core/Src/events.o
 .debug_macro   0x0000000000001daa       0x16 ./Core/Src/events.o
 .debug_macro   0x0000000000001dc0      0x145 ./Core/Src/events.o
 .debug_macro   0x0000000000001f05      0x295 ./Core/Src/events.o
 .debug_macro   0x000000000000219a       0x2e ./Core/Src/events.o
 .debug_macro   0x00000000000021c8       0x2f ./Core/Src/events.o
 .debug_macro   0x00000000000021f7       0x1c ./Core/Src/events.o
 .debug_macro   0x0000000000002213       0x22 ./Core/Src/events.o
 .debug_macro   0x0000000000002235       0xd9 ./Core/Src/events.o
 .debug_macro   0x000000000000230e     0x102d ./Core/Src/events.o
 .debug_macro   0x000000000000333b      0x11f ./Core/Src/events.o
 .debug_macro   0x000000000000345a    0x15e82 ./Core/Src/events.o
 .debug_macro   0x00000000000192dc       0x6d ./Core/Src/events.o
 .debug_macro   0x0000000000019349     0x367e ./Core/Src/events.o
 .debug_macro   0x000000000001c9c7       0x56 ./Core/Src/events.o
 .debug_macro   0x000000000001ca1d      0x96b ./Core/Src/events.o
 .debug_macro   0x000000000001d388      0x9fe ./Core/Src/events.o
 .debug_macro   0x000000000001dd86      0x115 ./Core/Src/events.o
 .debug_macro   0x000000000001de9b      0x13e ./Core/Src/events.o
 .debug_macro   0x000000000001dfd9       0xa5 ./Core/Src/events.o
 .debug_macro   0x000000000001e07e      0x174 ./Core/Src/events.o
 .debug_macro   0x000000000001e1f2      0x287 ./Core/Src/events.o
 .debug_macro   0x000000000001e479       0x5f ./Core/Src/events.o
 .debug_macro   0x000000000001e4d8      0x236 ./Core/Src/events.o
 .debug_macro   0x000000000001e70e      0x12c ./Core/Src/events.o
 .debug_macro   0x000000000001e83a      0x21e ./Core/Src/events.o
 .debug_macro   0x000000000001ea58       0x2e ./Core/Src/events.o
 .debug_macro   0x000000000001ea86      0x11a ./Core/Src/events.o
 .debug_macro   0x000000000001eba0       0x7e ./Core/Src/events.o
 .debug_macro   0x000000000001ec1e       0x89 ./Core/Src/events.o
 .debug_macro   0x000000000001eca7      0x225 ./Core/Src/events.o
 .debug_macro   0x000000000001eecc      0x12d ./Core/Src/events.o
 .debug_macro   0x000000000001eff9      0x246 ./Core/Src/events.o
 .debug_macro   0x000000000001f23f       0xe5 ./Core/Src/events.o
 .debug_macro   0x000000000001f324       0x16 ./Core/Src/events.o
 .debug_macro   0x000000000001f33a       0x35 ./Core/Src/events.o
 .debug_macro   0x000000000001f36f       0x16 ./Core/Src/events.o
 .debug_macro   0x000000000001f385       0x29 ./Core/Src/events.o
 .debug_macro   0x000000000001f3ae       0x12 ./Core/Src/events.o
 .debug_macro   0x000000000001f3c0       0xdb ./Core/Src/events.o
 .debug_macro   0x000000000001f49b       0x8e ./Core/Src/events.o
 .debug_macro   0x000000000001f529       0x88 ./Core/Src/events.o
 .debug_macro   0x000000000001f5b1       0x16 ./Core/Src/events.o
 .debug_macro   0x000000000001f5c7       0x20 ./Core/Src/events.o
 .debug_macro   0x000000000001f5e7      0x1ff ./Core/Src/fatfs_sd.o
 .debug_macro   0x000000000001f7e6      0x174 ./Core/Src/fatfs_sd.o
 .debug_macro   0x000000000001f95a       0x5c ./Core/Src/fatfs_sd.o
 .debug_macro   0x000000000001f9b6       0x16 ./Core/Src/fatfs_sd.o
 .debug_macro   0x000000000001f9cc       0x7c ./Core/Src/fatfs_sd.o
 .debug_macro   0x000000000001fa48      0x1d2 ./Core/Src/i2c.o
 .debug_macro   0x000000000001fc1a       0xa6 ./Core/Src/i2c.o
 .debug_macro   0x000000000001fcc0      0x43f ./Core/Src/main.o
 .debug_macro   0x00000000000200ff       0xeb ./Core/Src/main.o
 .debug_macro   0x00000000000201ea       0xe2 ./Core/Src/main.o
 .debug_macro   0x00000000000202cc       0x1c ./Core/Src/main.o
 .debug_macro   0x00000000000202e8      0x359 ./Core/Src/parse_NMEA.o
 .debug_macro   0x0000000000020641       0x10 ./Core/Src/parse_NMEA.o
 .debug_macro   0x0000000000020651      0x10e ./Core/Src/parse_NMEA.o
 .debug_macro   0x000000000002075f       0x8d ./Core/Src/parse_NMEA.o
 .debug_macro   0x00000000000207ec      0x19b ./Core/Src/parse_NMEA.o
 .debug_macro   0x0000000000020987       0xf3 ./Core/Src/parse_NMEA.o
 .debug_macro   0x0000000000020a7a      0x1c9 ./Core/Src/stm32f4xx_hal_msp.o
 .debug_macro   0x0000000000020c43      0x1e7 ./Core/Src/stm32f4xx_it.o
 .debug_macro   0x0000000000020e2a      0x1ba ./Core/Src/system_stm32f4xx.o
 .debug_macro   0x0000000000020fe4      0x1c4 ./Core/Src/systick.o
 .debug_macro   0x00000000000211a8      0x2eb ./Core/Src/uart.o
 .debug_macro   0x0000000000021493      0x21a ./Drivers/STM32F4xx_HAL_Driver/Src/stm32f4xx_hal.o
 .debug_macro   0x00000000000216ad      0x1ba ./Drivers/STM32F4xx_HAL_Driver/Src/stm32f4xx_hal_cortex.o
 .debug_macro   0x0000000000021867      0x1c0 ./Drivers/STM32F4xx_HAL_Driver/Src/stm32f4xx_hal_gpio.o
 .debug_macro   0x0000000000021a27      0x1c9 ./Drivers/STM32F4xx_HAL_Driver/Src/stm32f4xx_hal_spi.o
 .debug_macro   0x0000000000021bf0      0x2ee ./FATFS/App/fatfs.o
 .debug_macro   0x0000000000021ede      0x30b ./FATFS/Target/user_diskio.o
 .debug_macro   0x00000000000221e9       0x10 ./FATFS/Target/user_diskio.o
 .debug_macro   0x00000000000221f9      0x2db ./Middlewares/Third_Party/FatFs/src/diskio.o
 .debug_macro   0x00000000000224d4      0x6e9 ./Middlewares/Third_Party/FatFs/src/ff.o
 .debug_macro   0x0000000000022bbd       0x58 ./Middlewares/Third_Party/FatFs/src/ff.o
 .debug_macro   0x0000000000022c15      0x2db ./Middlewares/Third_Party/FatFs/src/ff_gen_drv.o
 .debug_macro   0x0000000000022ef0      0x2c9 ./Middlewares/Third_Party/FatFs/src/option/ccsbcs.o

.debug_line     0x0000000000000000    0x109a0
 .debug_line    0x0000000000000000      0xadb ./Core/Src/events.o
 .debug_line    0x0000000000000adb      0xdcd ./Core/Src/fatfs_sd.o
 .debug_line    0x00000000000018a8      0x8ef ./Core/Src/i2c.o
 .debug_line    0x0000000000002197      0xd2d ./Core/Src/main.o
 .debug_line    0x0000000000002ec4      0xe48 ./Core/Src/parse_NMEA.o
 .debug_line    0x0000000000003d0c      0x6df ./Core/Src/stm32f4xx_hal_msp.o
 .debug_line    0x00000000000043eb      0x7bb ./Core/Src/stm32f4xx_it.o
 .debug_line    0x0000000000004ba6      0x713 ./Core/Src/system_stm32f4xx.o
 .debug_line    0x00000000000052b9      0x6b8 ./Core/Src/systick.o
 .debug_line    0x0000000000005971      0x9ed ./Core/Src/uart.o
 .debug_line    0x000000000000635e       0x88 ./Core/Startup/startup_stm32f407vgtx.o
 .debug_line    0x00000000000063e6      0x979 ./Drivers/STM32F4xx_HAL_Driver/Src/stm32f4xx_hal.o
 .debug_line    0x0000000000006d5f      0xc28 ./Drivers/STM32F4xx_HAL_Driver/Src/stm32f4xx_hal_cortex.o
 .debug_line    0x0000000000007987      0xaed ./Drivers/STM32F4xx_HAL_Driver/Src/stm32f4xx_hal_gpio.o
 .debug_line    0x0000000000008474     0x1c03 ./Drivers/STM32F4xx_HAL_Driver/Src/stm32f4xx_hal_spi.o
 .debug_line    0x000000000000a077      0x87e ./FATFS/App/fatfs.o
 .debug_line    0x000000000000a8f5      0x8d4 ./FATFS/Target/user_diskio.o
 .debug_line    0x000000000000b1c9      0x8ed ./Middlewares/Third_Party/FatFs/src/diskio.o
 .debug_line    0x000000000000bab6     0x3c94 ./Middlewares/Third_Party/FatFs/src/ff.o
 .debug_line    0x000000000000f74a      0x90b ./Middlewares/Third_Party/FatFs/src/ff_gen_drv.o
 .debug_line    0x0000000000010055      0x94b ./Middlewares/Third_Party/FatFs/src/option/ccsbcs.o

.debug_str      0x0000000000000000    0xc4f06
 .debug_str     0x0000000000000000    0xc0e10 ./Core/Src/events.o
                                      0xc10da (size before relaxing)
 .debug_str     0x00000000000c0e10      0x689 ./Core/Src/fatfs_sd.o
                                      0xbc7b4 (size before relaxing)
 .debug_str     0x00000000000c1499      0x3aa ./Core/Src/i2c.o
                                      0xbca96 (size before relaxing)
 .debug_str     0x00000000000c1843      0x795 ./Core/Src/main.o
                                      0xc1f30 (size before relaxing)
 .debug_str     0x00000000000c1fd8      0x9df ./Core/Src/parse_NMEA.o
                                      0xc0958 (size before relaxing)
 .debug_str     0x00000000000c29b7       0x80 ./Core/Src/stm32f4xx_hal_msp.o
                                      0xbccc7 (size before relaxing)
 .debug_str     0x00000000000c2a37      0x100 ./Core/Src/stm32f4xx_it.o
                                      0xbc7c8 (size before relaxing)
 .debug_str     0x00000000000c2b37       0x87 ./Core/Src/system_stm32f4xx.o
                                      0xbbfb8 (size before relaxing)
 .debug_str     0x00000000000c2bbe       0x29 ./Core/Src/systick.o
                                      0xbbe33 (size before relaxing)
 .debug_str     0x00000000000c2be7       0xd5 ./Core/Src/uart.o
                                      0xc067c (size before relaxing)
 .debug_str     0x00000000000c2cbc       0x36 ./Core/Startup/startup_stm32f407vgtx.o
                                         0x74 (size before relaxing)
 .debug_str     0x00000000000c2cf2      0x5ed ./Drivers/STM32F4xx_HAL_Driver/Src/stm32f4xx_hal.o
                                      0xbcb1f (size before relaxing)
 .debug_str     0x00000000000c32df      0x2f9 ./Drivers/STM32F4xx_HAL_Driver/Src/stm32f4xx_hal_cortex.o
                                      0xbc86f (size before relaxing)
 .debug_str     0x00000000000c35d8      0x11c ./Drivers/STM32F4xx_HAL_Driver/Src/stm32f4xx_hal_gpio.o
                                      0xbc133 (size before relaxing)
 .debug_str     0x00000000000c36f4      0x57f ./Drivers/STM32F4xx_HAL_Driver/Src/stm32f4xx_hal_spi.o
                                      0xbc87c (size before relaxing)
 .debug_str     0x00000000000c3c73       0x74 ./FATFS/App/fatfs.o
                                      0xbfd31 (size before relaxing)
 .debug_str     0x00000000000c3ce7       0x5a ./FATFS/Target/user_diskio.o
                                      0xbfce7 (size before relaxing)
 .debug_str     0x00000000000c3d41       0x52 ./Middlewares/Third_Party/FatFs/src/diskio.o
                                      0xbfc2d (size before relaxing)
 .debug_str     0x00000000000c3d93     0x1099 ./Middlewares/Third_Party/FatFs/src/ff.o
                                      0xc0f34 (size before relaxing)
 .debug_str     0x00000000000c4e2c       0x91 ./Middlewares/Third_Party/FatFs/src/ff_gen_drv.o
                                      0xbfc7e (size before relaxing)
 .debug_str     0x00000000000c4ebd       0x49 ./Middlewares/Third_Party/FatFs/src/option/ccsbcs.o
                                      0xbfa02 (size before relaxing)

.comment        0x0000000000000000       0x50
 .comment       0x0000000000000000       0x50 ./Core/Src/events.o
                                         0x51 (size before relaxing)
 .comment       0x0000000000000050       0x51 ./Core/Src/fatfs_sd.o
 .comment       0x0000000000000050       0x51 ./Core/Src/i2c.o
 .comment       0x0000000000000050       0x51 ./Core/Src/main.o
 .comment       0x0000000000000050       0x51 ./Core/Src/parse_NMEA.o
 .comment       0x0000000000000050       0x51 ./Core/Src/stm32f4xx_hal_msp.o
 .comment       0x0000000000000050       0x51 ./Core/Src/stm32f4xx_it.o
 .comment       0x0000000000000050       0x51 ./Core/Src/system_stm32f4xx.o
 .comment       0x0000000000000050       0x51 ./Core/Src/systick.o
 .comment       0x0000000000000050       0x51 ./Core/Src/uart.o
 .comment       0x0000000000000050       0x51 ./Drivers/STM32F4xx_HAL_Driver/Src/stm32f4xx_hal.o
 .comment       0x0000000000000050       0x51 ./Drivers/STM32F4xx_HAL_Driver/Src/stm32f4xx_hal_cortex.o
 .comment       0x0000000000000050       0x51 ./Drivers/STM32F4xx_HAL_Driver/Src/stm32f4xx_hal_gpio.o
 .comment       0x0000000000000050       0x51 ./Drivers/STM32F4xx_HAL_Driver/Src/stm32f4xx_hal_spi.o
 .comment       0x0000000000000050       0x51 ./FATFS/App/fatfs.o
 .comment       0x0000000000000050       0x51 ./FATFS/Target/user_diskio.o
 .comment       0x0000000000000050       0x51 ./Middlewares/Third_Party/FatFs/src/diskio.o
 .comment       0x0000000000000050       0x51 ./Middlewares/Third_Party/FatFs/src/ff.o
 .comment       0x0000000000000050       0x51 ./Middlewares/Third_Party/FatFs/src/ff_gen_drv.o
 .comment       0x0000000000000050       0x51 ./Middlewares/Third_Party/FatFs/src/option/ccsbcs.o

.debug_frame    0x0000000000000000     0x2ebc
 .debug_frame   0x0000000000000000       0x84 ./Core/Src/events.o
 .debug_frame   0x0000000000000084      0x29c ./Core/Src/fatfs_sd.o
 .debug_frame   0x0000000000000320      0x130 ./Core/Src/i2c.o
 .debug_frame   0x0000000000000450      0x1b4 ./Core/Src/main.o
 .debug_frame   0x0000000000000604       0xe8 ./Core/Src/parse_NMEA.o
 .debug_frame   0x00000000000006ec       0x7c ./Core/Src/stm32f4xx_hal_msp.o
 .debug_frame   0x0000000000000768      0x140 ./Core/Src/stm32f4xx_it.o
 .debug_frame   0x00000000000008a8       0x58 ./Core/Src/system_stm32f4xx.o
 .debug_frame   0x0000000000000900       0x64 ./Core/Src/systick.o
 .debug_frame   0x0000000000000964      0x10c ./Core/Src/uart.o
 .debug_frame   0x0000000000000a70      0x374 ./Drivers/STM32F4xx_HAL_Driver/Src/stm32f4xx_hal.o
 .debug_frame   0x0000000000000de4      0x498 ./Drivers/STM32F4xx_HAL_Driver/Src/stm32f4xx_hal_cortex.o
 .debug_frame   0x000000000000127c      0x14c ./Drivers/STM32F4xx_HAL_Driver/Src/stm32f4xx_hal_gpio.o
 .debug_frame   0x00000000000013c8      0x824 ./Drivers/STM32F4xx_HAL_Driver/Src/stm32f4xx_hal_spi.o
 .debug_frame   0x0000000000001bec       0x4c ./FATFS/App/fatfs.o
 .debug_frame   0x0000000000001c38       0xc4 ./FATFS/Target/user_diskio.o
 .debug_frame   0x0000000000001cfc       0xec ./Middlewares/Third_Party/FatFs/src/diskio.o
 .debug_frame   0x0000000000001de8      0xa0c ./Middlewares/Third_Party/FatFs/src/ff.o
 .debug_frame   0x00000000000027f4       0xc8 ./Middlewares/Third_Party/FatFs/src/ff_gen_drv.o
 .debug_frame   0x00000000000028bc       0x60 ./Middlewares/Third_Party/FatFs/src/option/ccsbcs.o
 .debug_frame   0x000000000000291c       0x30 c:/st/stm32cubeide_1.12.1/stm32cubeide/plugins/com.st.stm32cube.ide.mcu.externaltools.gnu-tools-for-stm32.10.3-2021.10.win32_1.0.200.202301161003/tools/bin/../lib/gcc/arm-none-eabi/10.3.1/../../../../arm-none-eabi/lib/thumb/v7e-m+fp/hard\libc_nano.a(lib_a-atoi.o)
 .debug_frame   0x000000000000294c       0x20 c:/st/stm32cubeide_1.12.1/stm32cubeide/plugins/com.st.stm32cube.ide.mcu.externaltools.gnu-tools-for-stm32.10.3-2021.10.win32_1.0.200.202301161003/tools/bin/../lib/gcc/arm-none-eabi/10.3.1/../../../../arm-none-eabi/lib/thumb/v7e-m+fp/hard\libc_nano.a(lib_a-errno.o)
 .debug_frame   0x000000000000296c       0x2c c:/st/stm32cubeide_1.12.1/stm32cubeide/plugins/com.st.stm32cube.ide.mcu.externaltools.gnu-tools-for-stm32.10.3-2021.10.win32_1.0.200.202301161003/tools/bin/../lib/gcc/arm-none-eabi/10.3.1/../../../../arm-none-eabi/lib/thumb/v7e-m+fp/hard\libc_nano.a(lib_a-init.o)