../Drivers/CMSIS/Include/core_cm4.h:1688:22:__NVIC_EnableIRQ	16	static
../Drivers/CMSIS/Include/core_cm4.h:1816:22:__NVIC_SetPriority	16	static
../Drivers/CMSIS/Include/core_cm4.h:2022:26:SysTick_Config	16	static
../Core/Src/main.c:86:5:bufsize	24	static
../Core/Src/main.c:94:6:clear_buffer	16	static
../Core/Src/main.c:103:5:main	8	static
../Core/Src/main.c:135:6:MPU6050_Init	16	static
../Core/Src/main.c:167:6:MPU6050_Read_Accel	16	static
../Core/Src/main.c:195:6:SystemClock_Config	4	static
../Core/Src/main.c:215:13:MX_SPI2_Init	8	static
../Core/Src/main.c:240:13:MX_GPIO_Init	56	static
../Core/Src/main.c:395:6:Error_Handler	4	static,ignoring_inline_asm
